/home/mihneadorcu/Desktop/PROIECT/Licenta/CANOpen_MASTER_Nod1/Core/Src/main.c:400:13:MX_CAN1_Init	0	static
/home/mihneadorcu/Desktop/PROIECT/Licenta/CANOpen_MASTER_Nod1/Core/Src/main.c:1648:6:StartDefaultTask	8	static
/home/mihneadorcu/Desktop/PROIECT/Licenta/CANOpen_MASTER_Nod1/Core/Src/main.c:1529:16:QSPI_WriteEnable.constprop	88	static
/home/mihneadorcu/Desktop/PROIECT/Licenta/CANOpen_MASTER_Nod1/Core/Src/main.c:158:1:read_SDO	40	static
/home/mihneadorcu/Desktop/PROIECT/Licenta/CANOpen_MASTER_Nod1/Core/Src/main.c:194:1:write_SDO	48	static
/home/mihneadorcu/Desktop/PROIECT/Licenta/CANOpen_MASTER_Nod1/Core/Src/main.c:1665:6:canopen_task	64	static
/home/mihneadorcu/Desktop/PROIECT/Licenta/CANOpen_MASTER_Nod1/Core/Src/main.c:353:6:SystemClock_Config	88	static
/home/mihneadorcu/Desktop/PROIECT/Licenta/CANOpen_MASTER_Nod1/Core/Src/main.c:625:6:MX_I2C4_Init	16	static
/home/mihneadorcu/Desktop/PROIECT/Licenta/CANOpen_MASTER_Nod1/Core/Src/main.c:238:5:main	248	static,ignoring_inline_asm
/home/mihneadorcu/Desktop/PROIECT/Licenta/CANOpen_MASTER_Nod1/Core/Src/main.c:996:17:OTM8009A_IO_Delay	0	static
/home/mihneadorcu/Desktop/PROIECT/Licenta/CANOpen_MASTER_Nod1/Core/Src/main.c:1008:10:DSI_IO_WriteCmd	16	static
/home/mihneadorcu/Desktop/PROIECT/Licenta/CANOpen_MASTER_Nod1/Core/Src/main.c:1773:6:HAL_TIM_PeriodElapsedCallback	8	static
/home/mihneadorcu/Desktop/PROIECT/Licenta/CANOpen_MASTER_Nod1/Core/Src/main.c:1793:6:Error_Handler	0	static
