/home/mihneadorcu/Desktop/PROIECT/Licenta/CANOpen_MASTER_Nod1/Core/Src/main.c:318:13:MX_CAN1_Init	0	static
/home/mihneadorcu/Desktop/PROIECT/Licenta/CANOpen_MASTER_Nod1/Core/Src/main.c:1566:6:StartDefaultTask	8	static
/home/mihneadorcu/Desktop/PROIECT/Licenta/CANOpen_MASTER_Nod1/Core/Src/main.c:1583:6:canopen_task	8	static
/home/mihneadorcu/Desktop/PROIECT/Licenta/CANOpen_MASTER_Nod1/Core/Src/main.c:1447:16:QSPI_WriteEnable.constprop	88	static
/home/mihneadorcu/Desktop/PROIECT/Licenta/CANOpen_MASTER_Nod1/Core/Src/main.c:271:6:SystemClock_Config	88	static
/home/mihneadorcu/Desktop/PROIECT/Licenta/CANOpen_MASTER_Nod1/Core/Src/main.c:543:6:MX_I2C4_Init	16	static
/home/mihneadorcu/Desktop/PROIECT/Licenta/CANOpen_MASTER_Nod1/Core/Src/main.c:156:5:main	248	static,ignoring_inline_asm
/home/mihneadorcu/Desktop/PROIECT/Licenta/CANOpen_MASTER_Nod1/Core/Src/main.c:914:17:OTM8009A_IO_Delay	0	static
/home/mihneadorcu/Desktop/PROIECT/Licenta/CANOpen_MASTER_Nod1/Core/Src/main.c:926:10:DSI_IO_WriteCmd	16	static
/home/mihneadorcu/Desktop/PROIECT/Licenta/CANOpen_MASTER_Nod1/Core/Src/main.c:1676:6:HAL_TIM_PeriodElapsedCallback	8	static
/home/mihneadorcu/Desktop/PROIECT/Licenta/CANOpen_MASTER_Nod1/Core/Src/main.c:1696:6:Error_Handler	0	static
