C:/Users/Dorcu Mihnea/OneDrive/Desktop/Licenta/CANOpen_MASTER_Nod1/Core/Src/main.c:318:13:MX_CAN1_Init	1
C:/Users/Dorcu Mihnea/OneDrive/Desktop/Licenta/CANOpen_MASTER_Nod1/Core/Src/main.c:1566:6:StartDefaultTask	1
C:/Users/Dorcu Mihnea/OneDrive/Desktop/Licenta/CANOpen_MASTER_Nod1/Core/Src/main.c:1583:6:canopen_task	1
C:/Users/Dorcu Mihnea/OneDrive/Desktop/Licenta/CANOpen_MASTER_Nod1/Core/Src/main.c:1447:16:QSPI_WriteEnable.constprop	2
C:/Users/Dorcu Mihnea/OneDrive/Desktop/Licenta/CANOpen_MASTER_Nod1/Core/Src/main.c:271:6:SystemClock_Config	1
C:/Users/Dorcu Mihnea/OneDrive/Desktop/Licenta/CANOpen_MASTER_Nod1/Core/Src/main.c:543:6:MX_I2C4_Init	1
C:/Users/Dorcu Mihnea/OneDrive/Desktop/Licenta/CANOpen_MASTER_Nod1/Core/Src/main.c:156:5:main	30
C:/Users/Dorcu Mihnea/OneDrive/Desktop/Licenta/CANOpen_MASTER_Nod1/Core/Src/main.c:914:17:OTM8009A_IO_Delay	1
C:/Users/Dorcu Mihnea/OneDrive/Desktop/Licenta/CANOpen_MASTER_Nod1/Core/Src/main.c:926:10:DSI_IO_WriteCmd	2
C:/Users/Dorcu Mihnea/OneDrive/Desktop/Licenta/CANOpen_MASTER_Nod1/Core/Src/main.c:1676:6:HAL_TIM_PeriodElapsedCallback	3
C:/Users/Dorcu Mihnea/OneDrive/Desktop/Licenta/CANOpen_MASTER_Nod1/Core/Src/main.c:1696:6:Error_Handler	1
