../Core/Src/main.c:79:1:HAL_TIM_PeriodElapsedCallback	16	static
../Core/Src/main.c:90:5:main	32	static
../Core/Src/main.c:149:6:SystemClock_Config	88	static
../Core/Src/main.c:196:13:MX_CAN1_Init	8	static
../Core/Src/main.c:247:13:MX_I2C1_Init	8	static
../Core/Src/main.c:281:13:MX_RTC_Init	32	static
../Core/Src/main.c:382:13:MX_SPI1_Init	8	static
../Core/Src/main.c:420:13:MX_TIM14_Init	8	static
../Core/Src/main.c:451:13:MX_USART6_UART_Init	8	static
../Core/Src/main.c:484:13:MX_GPIO_Init	56	static
../Core/Src/main.c:614:26:My_ITM_SendChar	16	static,ignoring_inline_asm
../Core/Src/main.c:628:5:_write	32	static
../Core/Src/main.c:642:6:Error_Handler	4	static,ignoring_inline_asm
