../Core/Src/main.c:83:1:HAL_TIM_PeriodElapsedCallback	16	static
../Core/Src/main.c:94:5:main	32	static
../Core/Src/main.c:154:6:SystemClock_Config	88	static
../Core/Src/main.c:201:13:MX_CAN1_Init	8	static
../Core/Src/main.c:252:13:MX_I2C1_Init	8	static
../Core/Src/main.c:286:13:MX_RTC_Init	32	static
../Core/Src/main.c:387:13:MX_SPI1_Init	8	static
../Core/Src/main.c:425:13:MX_TIM14_Init	8	static
../Core/Src/main.c:456:13:MX_USART6_UART_Init	8	static
../Core/Src/main.c:489:13:MX_GPIO_Init	56	static
../Core/Src/main.c:619:26:My_ITM_SendChar	16	static,ignoring_inline_asm
../Core/Src/main.c:633:5:_write	32	static
../Core/Src/main.c:640:6:RTC_Monitor	64	static
../Core/Src/main.c:663:6:Error_Handler	4	static,ignoring_inline_asm
