D:/workspace_DorcuM/Licenta/MyApplication_2/Core/Src/main.c:327:13:MX_CAN1_Init	0	static
D:/workspace_DorcuM/Licenta/MyApplication_2/Core/Src/main.c:1584:6:StartDefaultTask	8	static
D:/workspace_DorcuM/Licenta/MyApplication_2/Core/Src/main.c:1601:6:canopen_task	8	static
D:/workspace_DorcuM/Licenta/MyApplication_2/Core/Src/main.c:1465:16:QSPI_WriteEnable.constprop	88	static
D:/workspace_DorcuM/Licenta/MyApplication_2/Core/Src/main.c:280:6:SystemClock_Config	88	static
D:/workspace_DorcuM/Licenta/MyApplication_2/Core/Src/main.c:552:6:MX_I2C4_Init	16	static
D:/workspace_DorcuM/Licenta/MyApplication_2/Core/Src/main.c:157:5:main	248	static,ignoring_inline_asm
D:/workspace_DorcuM/Licenta/MyApplication_2/Core/Src/main.c:918:5:_write	12	static,ignoring_inline_asm
D:/workspace_DorcuM/Licenta/MyApplication_2/Core/Src/main.c:932:17:OTM8009A_IO_Delay	0	static
D:/workspace_DorcuM/Licenta/MyApplication_2/Core/Src/main.c:944:10:DSI_IO_WriteCmd	16	static
D:/workspace_DorcuM/Licenta/MyApplication_2/Core/Src/main.c:1698:6:HAL_TIM_PeriodElapsedCallback	8	static
D:/workspace_DorcuM/Licenta/MyApplication_2/Core/Src/main.c:1719:6:Error_Handler	0	static
