E:/stm32/MyApplication_2/Core/Src/main.c:314:13:MX_CAN1_Init	0	static
E:/stm32/MyApplication_2/Core/Src/main.c:1562:6:StartDefaultTask	8	static
E:/stm32/MyApplication_2/Core/Src/main.c:1579:6:canopen_task	32	static
E:/stm32/MyApplication_2/Core/Src/main.c:1443:16:QSPI_WriteEnable.constprop	88	static
E:/stm32/MyApplication_2/Core/Src/main.c:267:6:SystemClock_Config	88	static
E:/stm32/MyApplication_2/Core/Src/main.c:539:6:MX_I2C4_Init	16	static
E:/stm32/MyApplication_2/Core/Src/main.c:156:5:main	248	static,ignoring_inline_asm
E:/stm32/MyApplication_2/Core/Src/main.c:910:17:OTM8009A_IO_Delay	0	static
E:/stm32/MyApplication_2/Core/Src/main.c:922:10:DSI_IO_WriteCmd	16	static
E:/stm32/MyApplication_2/Core/Src/main.c:1681:6:HAL_TIM_PeriodElapsedCallback	8	static
E:/stm32/MyApplication_2/Core/Src/main.c:1701:6:Error_Handler	0	static
