D:/workspace_DorcuM/Licenta/MyApplication_2/Core/Src/main.c:327:13:MX_CAN1_Init	0	static
D:/workspace_DorcuM/Licenta/MyApplication_2/Core/Src/main.c:1575:6:StartDefaultTask	8	static
D:/workspace_DorcuM/Licenta/MyApplication_2/Core/Src/main.c:1592:6:canopen_task	8	static
D:/workspace_DorcuM/Licenta/MyApplication_2/Core/Src/main.c:1456:16:QSPI_WriteEnable.constprop	88	static
D:/workspace_DorcuM/Licenta/MyApplication_2/Core/Src/main.c:280:6:SystemClock_Config	88	static
D:/workspace_DorcuM/Licenta/MyApplication_2/Core/Src/main.c:552:6:MX_I2C4_Init	16	static
D:/workspace_DorcuM/Licenta/MyApplication_2/Core/Src/main.c:157:5:main	248	static,ignoring_inline_asm
D:/workspace_DorcuM/Licenta/MyApplication_2/Core/Src/main.c:923:17:OTM8009A_IO_Delay	0	static
D:/workspace_DorcuM/Licenta/MyApplication_2/Core/Src/main.c:935:10:DSI_IO_WriteCmd	16	static
D:/workspace_DorcuM/Licenta/MyApplication_2/Core/Src/main.c:1688:6:HAL_TIM_PeriodElapsedCallback	8	static
D:/workspace_DorcuM/Licenta/MyApplication_2/Core/Src/main.c:1708:6:Error_Handler	0	static
