E:/stm32/MyApplication_2/Core/Src/main.c:314:13:MX_CAN1_Init	1
E:/stm32/MyApplication_2/Core/Src/main.c:1562:6:StartDefaultTask	1
E:/stm32/MyApplication_2/Core/Src/main.c:1579:6:canopen_task	2
E:/stm32/MyApplication_2/Core/Src/main.c:1443:16:QSPI_WriteEnable.constprop	2
E:/stm32/MyApplication_2/Core/Src/main.c:267:6:SystemClock_Config	1
E:/stm32/MyApplication_2/Core/Src/main.c:539:6:MX_I2C4_Init	1
E:/stm32/MyApplication_2/Core/Src/main.c:156:5:main	30
E:/stm32/MyApplication_2/Core/Src/main.c:910:17:OTM8009A_IO_Delay	1
E:/stm32/MyApplication_2/Core/Src/main.c:922:10:DSI_IO_WriteCmd	2
E:/stm32/MyApplication_2/Core/Src/main.c:1681:6:HAL_TIM_PeriodElapsedCallback	3
E:/stm32/MyApplication_2/Core/Src/main.c:1701:6:Error_Handler	1
