/home/mihneadorcu/Desktop/Licenta/CAN_Networking/Src/main.c:60:5:main	5
/home/mihneadorcu/Desktop/Licenta/CAN_Networking/Src/main.c:139:13:SystemClock_Config	1
/home/mihneadorcu/Desktop/Licenta/CAN_Networking/Src/main.c:182:13:Error_Handler	1
/home/mihneadorcu/Desktop/Licenta/CAN_Networking/Src/main.c:194:13:CAN_Config	5
/home/mihneadorcu/Desktop/Licenta/CAN_Networking/Src/main.c:266:6:HAL_CAN_RxFifo0MsgPendingCallback	5
/home/mihneadorcu/Desktop/Licenta/CAN_Networking/Src/main.c:288:6:LED_Display	5
