/home/mihneadorcu/Desktop/Licenta/CAN_Networking/Src/main.c:60:5:main	8	static
/home/mihneadorcu/Desktop/Licenta/CAN_Networking/Src/main.c:139:13:SystemClock_Config	88	static
/home/mihneadorcu/Desktop/Licenta/CAN_Networking/Src/main.c:182:13:Error_Handler	4	static
/home/mihneadorcu/Desktop/Licenta/CAN_Networking/Src/main.c:194:13:CAN_Config	48	static
/home/mihneadorcu/Desktop/Licenta/CAN_Networking/Src/main.c:266:6:HAL_CAN_RxFifo0MsgPendingCallback	16	static
/home/mihneadorcu/Desktop/Licenta/CAN_Networking/Src/main.c:288:6:LED_Display	16	static
