/home/mihneadorcu/Desktop/PROIECT/Licenta/CANopenNode/301/CO_SDOclient.c:57:1:CO_SDOclient_receive	0	static
/home/mihneadorcu/Desktop/PROIECT/Licenta/CANopenNode/301/CO_SDOclient.c:311:1:CO_SDOclient_setup	40	static
/home/mihneadorcu/Desktop/PROIECT/Licenta/CANopenNode/301/CO_SDOclient.c:215:1:CO_SDOclient_init	56	static
/home/mihneadorcu/Desktop/PROIECT/Licenta/CANopenNode/301/CO_SDOclient.c:364:1:CO_SDOclientDownloadInitiate	8	static
/home/mihneadorcu/Desktop/PROIECT/Licenta/CANopenNode/301/CO_SDOclient.c:403:1:CO_SDOclientDownloadInitSize	0	static
/home/mihneadorcu/Desktop/PROIECT/Licenta/CANopenNode/301/CO_SDOclient.c:416:1:CO_SDOclientDownloadBufWrite	0	static
/home/mihneadorcu/Desktop/PROIECT/Licenta/CANopenNode/301/CO_SDOclient.c:425:1:CO_SDOclientDownload	24	static
/home/mihneadorcu/Desktop/PROIECT/Licenta/CANopenNode/301/CO_SDOclient.c:1043:1:CO_SDOclientUploadInitiate	8	static
/home/mihneadorcu/Desktop/PROIECT/Licenta/CANopenNode/301/CO_SDOclient.c:1085:1:CO_SDOclientUpload	32	static
/home/mihneadorcu/Desktop/PROIECT/Licenta/CANopenNode/301/CO_SDOclient.c:1760:1:CO_SDOclientUploadBufRead	0	static
/home/mihneadorcu/Desktop/PROIECT/Licenta/CANopenNode/301/CO_SDOclient.c:1769:1:CO_SDOclientClose	0	static
