/home/mihneadorcu/Desktop/Licenta/CAN_Loopback/Drivers/BSP/STM32446E_EVAL/stm32446e_eval.c:213:10:BSP_GetVersion	4	static
/home/mihneadorcu/Desktop/Licenta/CAN_Loopback/Drivers/BSP/STM32446E_EVAL/stm32446e_eval.c:227:6:BSP_LED_Init	40	static
/home/mihneadorcu/Desktop/Licenta/CAN_Loopback/Drivers/BSP/STM32446E_EVAL/stm32446e_eval.c:278:6:BSP_LED_DeInit	40	static
/home/mihneadorcu/Desktop/Licenta/CAN_Loopback/Drivers/BSP/STM32446E_EVAL/stm32446e_eval.c:317:6:BSP_LED_On	16	static
/home/mihneadorcu/Desktop/Licenta/CAN_Loopback/Drivers/BSP/STM32446E_EVAL/stm32446e_eval.c:351:6:BSP_LED_Off	16	static
/home/mihneadorcu/Desktop/Licenta/CAN_Loopback/Drivers/BSP/STM32446E_EVAL/stm32446e_eval.c:386:6:BSP_LED_Toggle	16	static
/home/mihneadorcu/Desktop/Licenta/CAN_Loopback/Drivers/BSP/STM32446E_EVAL/stm32446e_eval.c:427:6:BSP_PB_Init	48	static
/home/mihneadorcu/Desktop/Licenta/CAN_Loopback/Drivers/BSP/STM32446E_EVAL/stm32446e_eval.c:480:6:BSP_PB_DeInit	40	static
/home/mihneadorcu/Desktop/Licenta/CAN_Loopback/Drivers/BSP/STM32446E_EVAL/stm32446e_eval.c:501:10:BSP_PB_GetState	16	static
/home/mihneadorcu/Desktop/Licenta/CAN_Loopback/Drivers/BSP/STM32446E_EVAL/stm32446e_eval.c:515:6:BSP_COM_Init	48	static
/home/mihneadorcu/Desktop/Licenta/CAN_Loopback/Drivers/BSP/STM32446E_EVAL/stm32446e_eval.c:554:6:BSP_COM_DeInit	16	static
/home/mihneadorcu/Desktop/Licenta/CAN_Loopback/Drivers/BSP/STM32446E_EVAL/stm32446e_eval.c:670:13:I2Cx_MspInit	40	static
/home/mihneadorcu/Desktop/Licenta/CAN_Loopback/Drivers/BSP/STM32446E_EVAL/stm32446e_eval.c:712:13:I2Cx_Init	8	static
/home/mihneadorcu/Desktop/Licenta/CAN_Loopback/Drivers/BSP/STM32446E_EVAL/stm32446e_eval.c:787:26:I2Cx_ReadMultiple	48	static
/home/mihneadorcu/Desktop/Licenta/CAN_Loopback/Drivers/BSP/STM32446E_EVAL/stm32446e_eval.c:811:26:I2Cx_WriteMultiple	48	static
/home/mihneadorcu/Desktop/Licenta/CAN_Loopback/Drivers/BSP/STM32446E_EVAL/stm32446e_eval.c:833:26:I2Cx_IsDeviceReady	16	static
/home/mihneadorcu/Desktop/Licenta/CAN_Loopback/Drivers/BSP/STM32446E_EVAL/stm32446e_eval.c:842:13:I2Cx_Error	16	static
/home/mihneadorcu/Desktop/Licenta/CAN_Loopback/Drivers/BSP/STM32446E_EVAL/stm32446e_eval.c:855:13:FMC_BANK1_MspInit	48	static
/home/mihneadorcu/Desktop/Licenta/CAN_Loopback/Drivers/BSP/STM32446E_EVAL/stm32446e_eval.c:894:13:FMC_BANK1_Init	120	static
/home/mihneadorcu/Desktop/Licenta/CAN_Loopback/Drivers/BSP/STM32446E_EVAL/stm32446e_eval.c:939:13:FMC_BANK1_WriteData	16	static
/home/mihneadorcu/Desktop/Licenta/CAN_Loopback/Drivers/BSP/STM32446E_EVAL/stm32446e_eval.c:949:13:FMC_BANK1_WriteReg	16	static
/home/mihneadorcu/Desktop/Licenta/CAN_Loopback/Drivers/BSP/STM32446E_EVAL/stm32446e_eval.c:959:17:FMC_BANK1_ReadData	4	static
/home/mihneadorcu/Desktop/Licenta/CAN_Loopback/Drivers/BSP/STM32446E_EVAL/stm32446e_eval.c:1075:6:LCD_IO_Init	8	static
/home/mihneadorcu/Desktop/Licenta/CAN_Loopback/Drivers/BSP/STM32446E_EVAL/stm32446e_eval.c:1084:6:LCD_IO_WriteData	16	static
/home/mihneadorcu/Desktop/Licenta/CAN_Loopback/Drivers/BSP/STM32446E_EVAL/stm32446e_eval.c:1099:17:LCD_IO_WriteMultipleData	16	static
/home/mihneadorcu/Desktop/Licenta/CAN_Loopback/Drivers/BSP/STM32446E_EVAL/stm32446e_eval.c:1116:6:LCD_IO_WriteReg	16	static
/home/mihneadorcu/Desktop/Licenta/CAN_Loopback/Drivers/BSP/STM32446E_EVAL/stm32446e_eval.c:1127:10:LCD_IO_ReadData	16	static
/home/mihneadorcu/Desktop/Licenta/CAN_Loopback/Drivers/BSP/STM32446E_EVAL/stm32446e_eval.c:1140:6:AUDIO_IO_Init	8	static
/home/mihneadorcu/Desktop/Licenta/CAN_Loopback/Drivers/BSP/STM32446E_EVAL/stm32446e_eval.c:1148:6:AUDIO_IO_DeInit	4	static
/home/mihneadorcu/Desktop/Licenta/CAN_Loopback/Drivers/BSP/STM32446E_EVAL/stm32446e_eval.c:1158:6:AUDIO_IO_Write	32	static
/home/mihneadorcu/Desktop/Licenta/CAN_Loopback/Drivers/BSP/STM32446E_EVAL/stm32446e_eval.c:1175:10:AUDIO_IO_Read	32	static
/home/mihneadorcu/Desktop/Licenta/CAN_Loopback/Drivers/BSP/STM32446E_EVAL/stm32446e_eval.c:1194:6:AUDIO_IO_Delay	16	static
/home/mihneadorcu/Desktop/Licenta/CAN_Loopback/Drivers/BSP/STM32446E_EVAL/stm32446e_eval.c:1204:6:CAMERA_IO_Init	8	static
/home/mihneadorcu/Desktop/Licenta/CAN_Loopback/Drivers/BSP/STM32446E_EVAL/stm32446e_eval.c:1215:6:CAMERA_IO_Write	32	static
/home/mihneadorcu/Desktop/Licenta/CAN_Loopback/Drivers/BSP/STM32446E_EVAL/stm32446e_eval.c:1238:10:CAMERA_IO_Read	32	static
/home/mihneadorcu/Desktop/Licenta/CAN_Loopback/Drivers/BSP/STM32446E_EVAL/stm32446e_eval.c:1262:6:CAMERA_Delay	16	static
/home/mihneadorcu/Desktop/Licenta/CAN_Loopback/Drivers/BSP/STM32446E_EVAL/stm32446e_eval.c:1272:6:EEPROM_IO_Init	8	static
/home/mihneadorcu/Desktop/Licenta/CAN_Loopback/Drivers/BSP/STM32446E_EVAL/stm32446e_eval.c:1285:19:EEPROM_IO_WriteData	32	static
/home/mihneadorcu/Desktop/Licenta/CAN_Loopback/Drivers/BSP/STM32446E_EVAL/stm32446e_eval.c:1298:19:EEPROM_IO_ReadData	32	static
/home/mihneadorcu/Desktop/Licenta/CAN_Loopback/Drivers/BSP/STM32446E_EVAL/stm32446e_eval.c:1310:19:EEPROM_IO_IsDeviceReady	16	static
