E:/CANopenNode/CANopen.c:673:1:CO_delete	8	static
E:/CANopenNode/CANopen.c:340:1:CO_new	16	static
E:/CANopenNode/CANopen.c:914:1:CO_isLSSslaveEnabled	0	static
E:/CANopenNode/CANopen.c:926:1:CO_CANinit	32	static
E:/CANopenNode/CANopen.c:945:1:CO_LSSinit	40	static
E:/CANopenNode/CANopen.c:962:1:CO_CANopenInit	96	static
E:/CANopenNode/CANopen.c:1187:1:CO_CANopenInitPDO	72	static
E:/CANopenNode/CANopen.c:1311:1:CO_process	88	static
E:/CANopenNode/CANopen.c:1408:1:CO_process_SYNC	16	static
E:/CANopenNode/CANopen.c:1434:1:CO_process_RPDO	40	static
E:/CANopenNode/CANopen.c:1455:1:CO_process_TPDO	40	static
