../Core/Src/main.c:78:1:HAL_TIM_PeriodElapsedCallback	16	static
../Core/Src/main.c:89:5:main	32	static
../Core/Src/main.c:147:6:SystemClock_Config	88	static
../Core/Src/main.c:193:13:MX_CAN1_Init	8	static
../Core/Src/main.c:244:13:MX_I2C1_Init	8	static
../Core/Src/main.c:278:13:MX_SPI1_Init	8	static
../Core/Src/main.c:316:13:MX_TIM14_Init	8	static
../Core/Src/main.c:347:13:MX_USART6_UART_Init	8	static
../Core/Src/main.c:380:13:MX_GPIO_Init	56	static
../Core/Src/main.c:510:26:My_ITM_SendChar	16	static,ignoring_inline_asm
../Core/Src/main.c:524:5:_write	32	static
../Core/Src/main.c:537:6:Error_Handler	4	static,ignoring_inline_asm
