../Core/Src/main.c:80:1:HAL_TIM_PeriodElapsedCallback	16	static
../Core/Src/main.c:91:5:main	32	static
../Core/Src/main.c:149:6:SystemClock_Config	88	static
../Core/Src/main.c:195:13:MX_CAN1_Init	8	static
../Core/Src/main.c:246:13:MX_I2C1_Init	8	static
../Core/Src/main.c:280:13:MX_SPI1_Init	8	static
../Core/Src/main.c:318:13:MX_TIM14_Init	8	static
../Core/Src/main.c:349:13:MX_USART6_UART_Init	8	static
../Core/Src/main.c:382:13:MX_GPIO_Init	56	static
../Core/Src/main.c:519:6:Error_Handler	4	static,ignoring_inline_asm
