../Core/Src/main.c:77:1:HAL_TIM_PeriodElapsedCallback	16	static
../Core/Src/main.c:88:5:main	32	static
../Core/Src/main.c:145:6:SystemClock_Config	88	static
../Core/Src/main.c:191:13:MX_CAN1_Init	8	static
../Core/Src/main.c:242:13:MX_I2C1_Init	8	static
../Core/Src/main.c:276:13:MX_SPI1_Init	8	static
../Core/Src/main.c:314:13:MX_TIM14_Init	8	static
../Core/Src/main.c:345:13:MX_GPIO_Init	56	static
../Core/Src/main.c:475:6:HAL_CAN_RxFifo0MsgPendingCallback	16	static
../Core/Src/main.c:498:6:Error_Handler	4	static,ignoring_inline_asm
