/home/mihneadorcu/Desktop/Licenta/CAN_Loopback/Src/stm32f4xx_it.c:52:6:NMI_Handler	4	static
/home/mihneadorcu/Desktop/Licenta/CAN_Loopback/Src/stm32f4xx_it.c:61:6:HardFault_Handler	4	static
/home/mihneadorcu/Desktop/Licenta/CAN_Loopback/Src/stm32f4xx_it.c:74:6:MemManage_Handler	4	static
/home/mihneadorcu/Desktop/Licenta/CAN_Loopback/Src/stm32f4xx_it.c:87:6:BusFault_Handler	4	static
/home/mihneadorcu/Desktop/Licenta/CAN_Loopback/Src/stm32f4xx_it.c:100:6:UsageFault_Handler	4	static
/home/mihneadorcu/Desktop/Licenta/CAN_Loopback/Src/stm32f4xx_it.c:113:6:SVC_Handler	4	static
/home/mihneadorcu/Desktop/Licenta/CAN_Loopback/Src/stm32f4xx_it.c:122:6:DebugMon_Handler	4	static
/home/mihneadorcu/Desktop/Licenta/CAN_Loopback/Src/stm32f4xx_it.c:131:6:PendSV_Handler	4	static
/home/mihneadorcu/Desktop/Licenta/CAN_Loopback/Src/stm32f4xx_it.c:140:6:SysTick_Handler	8	static
/home/mihneadorcu/Desktop/Licenta/CAN_Loopback/Src/stm32f4xx_it.c:157:6:DMA1_Stream5_IRQHandler	4	static
/home/mihneadorcu/Desktop/Licenta/CAN_Loopback/Src/stm32f4xx_it.c:166:6:DMA1_Stream6_IRQHandler	4	static
/home/mihneadorcu/Desktop/Licenta/CAN_Loopback/Src/stm32f4xx_it.c:175:6:CAN1_RX0_IRQHandler	8	static
/home/mihneadorcu/Desktop/Licenta/CAN_Loopback/Src/stm32f4xx_it.c:186:6:CAN2_RX0_IRQHandler	8	static
/home/mihneadorcu/Desktop/Licenta/CAN_Loopback/Src/stm32f4xx_it.c:196:6:CAN1_RX1_IRQHandler	8	static
/home/mihneadorcu/Desktop/Licenta/CAN_Loopback/Src/stm32f4xx_it.c:207:6:CAN2_RX1_IRQHandler	8	static
/home/mihneadorcu/Desktop/Licenta/CAN_Loopback/Src/stm32f4xx_it.c:217:6:CAN1_TX_IRQHandler	8	static
/home/mihneadorcu/Desktop/Licenta/CAN_Loopback/Src/stm32f4xx_it.c:227:6:CAN2_TX_IRQHandler	8	static
