../CANopenNode_STM32/CO_driver_STM32.c:48:1:CO_CANsetConfigurationMode	16	static
../CANopenNode_STM32/CO_driver_STM32.c:61:1:CO_CANsetNormalMode	16	static
../CANopenNode_STM32/CO_driver_STM32.c:77:1:CO_CANmodule_init	72	static
../CANopenNode_STM32/CO_driver_STM32.c:188:1:CO_CANmodule_disable	16	static
../CANopenNode_STM32/CO_driver_STM32.c:201:1:CO_CANrxBufferInit	32	static,ignoring_inline_asm
../CANopenNode_STM32/CO_driver_STM32.c:233:1:CO_CANtxBufferInit	32	static
../CANopenNode_STM32/CO_driver_STM32.c:257:1:prv_send_can_message	552	static
../CANopenNode_STM32/CO_driver_STM32.c:361:1:CO_CANsend	32	static,ignoring_inline_asm
../CANopenNode_STM32/CO_driver_STM32.c:392:1:CO_CANclearPendingSyncPDOs	32	static,ignoring_inline_asm
../CANopenNode_STM32/CO_driver_STM32.c:427:1:CO_CANmodule_process	24	static
../CANopenNode_STM32/CO_driver_STM32.c:514:1:prv_read_can_received_msg	584	static,ignoring_inline_asm
../CANopenNode_STM32/CO_driver_STM32.c:647:1:HAL_CAN_RxFifo0MsgPendingCallback	16	static
../CANopenNode_STM32/CO_driver_STM32.c:657:1:HAL_CAN_RxFifo1MsgPendingCallback	16	static
../CANopenNode_STM32/CO_driver_STM32.c:668:1:CO_CANinterrupt_TX	32	static,ignoring_inline_asm
../CANopenNode_STM32/CO_driver_STM32.c:702:1:HAL_CAN_TxMailbox0CompleteCallback	16	static
../CANopenNode_STM32/CO_driver_STM32.c:707:1:HAL_CAN_TxMailbox1CompleteCallback	16	static
../CANopenNode_STM32/CO_driver_STM32.c:712:1:HAL_CAN_TxMailbox2CompleteCallback	16	static
