../Core/Src/main.c:75:1:HAL_TIM_PeriodElapsedCallback	16	static
../Core/Src/main.c:86:5:main	32	static
../Core/Src/main.c:146:6:SystemClock_Config	88	static
../Core/Src/main.c:193:13:MX_CAN2_Init	8	static
../Core/Src/main.c:230:13:MX_RTC_Init	32	static
../Core/Src/main.c:331:13:MX_SPI1_Init	8	static
../Core/Src/main.c:369:13:MX_TIM14_Init	8	static
../Core/Src/main.c:400:13:MX_USART6_UART_Init	8	static
../Core/Src/main.c:433:13:MX_GPIO_Init	56	static
../Core/Src/main.c:571:26:My_ITM_SendChar	16	static,ignoring_inline_asm
../Core/Src/main.c:585:5:_write	32	static
../Core/Src/main.c:593:6:RTC_Monitor	64	static
../Core/Src/main.c:616:6:Error_Handler	4	static,ignoring_inline_asm
