Archive member included to satisfy reference by file (symbol)

/home/mihneadorcu/st/stm32cubeide_1.16.1_3/plugins/com.st.stm32cube.ide.mcu.externaltools.gnu-tools-for-stm32.12.3.rel1.linux64_1.0.200.202406132123/tools/bin/../lib/gcc/arm-none-eabi/12.3.1/../../../../arm-none-eabi/lib/thumb/v7e-m+fp/hard/libc_nano.a(libc_a-calloc.o)
                              ./CANopenNode/CANopen.o (calloc)
/home/mihneadorcu/st/stm32cubeide_1.16.1_3/plugins/com.st.stm32cube.ide.mcu.externaltools.gnu-tools-for-stm32.12.3.rel1.linux64_1.0.200.202406132123/tools/bin/../lib/gcc/arm-none-eabi/12.3.1/../../../../arm-none-eabi/lib/thumb/v7e-m+fp/hard/libc_nano.a(libc_a-callocr.o)
                              /home/mihneadorcu/st/stm32cubeide_1.16.1_3/plugins/com.st.stm32cube.ide.mcu.externaltools.gnu-tools-for-stm32.12.3.rel1.linux64_1.0.200.202406132123/tools/bin/../lib/gcc/arm-none-eabi/12.3.1/../../../../arm-none-eabi/lib/thumb/v7e-m+fp/hard/libc_nano.a(libc_a-calloc.o) (_calloc_r)
/home/mihneadorcu/st/stm32cubeide_1.16.1_3/plugins/com.st.stm32cube.ide.mcu.externaltools.gnu-tools-for-stm32.12.3.rel1.linux64_1.0.200.202406132123/tools/bin/../lib/gcc/arm-none-eabi/12.3.1/../../../../arm-none-eabi/lib/thumb/v7e-m+fp/hard/libc_nano.a(libc_a-exit.o)
                              /home/mihneadorcu/st/stm32cubeide_1.16.1_3/plugins/com.st.stm32cube.ide.mcu.externaltools.gnu-tools-for-stm32.12.3.rel1.linux64_1.0.200.202406132123/tools/bin/../lib/gcc/arm-none-eabi/12.3.1/../../../../arm-none-eabi/lib/thumb/v7e-m+fp/hard/crt0.o (exit)
/home/mihneadorcu/st/stm32cubeide_1.16.1_3/plugins/com.st.stm32cube.ide.mcu.externaltools.gnu-tools-for-stm32.12.3.rel1.linux64_1.0.200.202406132123/tools/bin/../lib/gcc/arm-none-eabi/12.3.1/../../../../arm-none-eabi/lib/thumb/v7e-m+fp/hard/libc_nano.a(libc_a-malloc.o)
                              ./CANopenNode/CANopen.o (free)
/home/mihneadorcu/st/stm32cubeide_1.16.1_3/plugins/com.st.stm32cube.ide.mcu.externaltools.gnu-tools-for-stm32.12.3.rel1.linux64_1.0.200.202406132123/tools/bin/../lib/gcc/arm-none-eabi/12.3.1/../../../../arm-none-eabi/lib/thumb/v7e-m+fp/hard/libc_nano.a(libc_a-mallocr.o)
                              /home/mihneadorcu/st/stm32cubeide_1.16.1_3/plugins/com.st.stm32cube.ide.mcu.externaltools.gnu-tools-for-stm32.12.3.rel1.linux64_1.0.200.202406132123/tools/bin/../lib/gcc/arm-none-eabi/12.3.1/../../../../arm-none-eabi/lib/thumb/v7e-m+fp/hard/libc_nano.a(libc_a-callocr.o) (_malloc_r)
/home/mihneadorcu/st/stm32cubeide_1.16.1_3/plugins/com.st.stm32cube.ide.mcu.externaltools.gnu-tools-for-stm32.12.3.rel1.linux64_1.0.200.202406132123/tools/bin/../lib/gcc/arm-none-eabi/12.3.1/../../../../arm-none-eabi/lib/thumb/v7e-m+fp/hard/libc_nano.a(libc_a-mlock.o)
                              /home/mihneadorcu/st/stm32cubeide_1.16.1_3/plugins/com.st.stm32cube.ide.mcu.externaltools.gnu-tools-for-stm32.12.3.rel1.linux64_1.0.200.202406132123/tools/bin/../lib/gcc/arm-none-eabi/12.3.1/../../../../arm-none-eabi/lib/thumb/v7e-m+fp/hard/libc_nano.a(libc_a-mallocr.o) (__malloc_lock)
/home/mihneadorcu/st/stm32cubeide_1.16.1_3/plugins/com.st.stm32cube.ide.mcu.externaltools.gnu-tools-for-stm32.12.3.rel1.linux64_1.0.200.202406132123/tools/bin/../lib/gcc/arm-none-eabi/12.3.1/../../../../arm-none-eabi/lib/thumb/v7e-m+fp/hard/libc_nano.a(libc_a-fflush.o)
                              ./CANopenNode_STM32/CO_app_STM32.o (fflush)
/home/mihneadorcu/st/stm32cubeide_1.16.1_3/plugins/com.st.stm32cube.ide.mcu.externaltools.gnu-tools-for-stm32.12.3.rel1.linux64_1.0.200.202406132123/tools/bin/../lib/gcc/arm-none-eabi/12.3.1/../../../../arm-none-eabi/lib/thumb/v7e-m+fp/hard/libc_nano.a(libc_a-findfp.o)
                              /home/mihneadorcu/st/stm32cubeide_1.16.1_3/plugins/com.st.stm32cube.ide.mcu.externaltools.gnu-tools-for-stm32.12.3.rel1.linux64_1.0.200.202406132123/tools/bin/../lib/gcc/arm-none-eabi/12.3.1/../../../../arm-none-eabi/lib/thumb/v7e-m+fp/hard/libc_nano.a(libc_a-fflush.o) (__sglue)
/home/mihneadorcu/st/stm32cubeide_1.16.1_3/plugins/com.st.stm32cube.ide.mcu.externaltools.gnu-tools-for-stm32.12.3.rel1.linux64_1.0.200.202406132123/tools/bin/../lib/gcc/arm-none-eabi/12.3.1/../../../../arm-none-eabi/lib/thumb/v7e-m+fp/hard/libc_nano.a(libc_a-fwalk.o)
                              /home/mihneadorcu/st/stm32cubeide_1.16.1_3/plugins/com.st.stm32cube.ide.mcu.externaltools.gnu-tools-for-stm32.12.3.rel1.linux64_1.0.200.202406132123/tools/bin/../lib/gcc/arm-none-eabi/12.3.1/../../../../arm-none-eabi/lib/thumb/v7e-m+fp/hard/libc_nano.a(libc_a-fflush.o) (_fwalk_sglue)
/home/mihneadorcu/st/stm32cubeide_1.16.1_3/plugins/com.st.stm32cube.ide.mcu.externaltools.gnu-tools-for-stm32.12.3.rel1.linux64_1.0.200.202406132123/tools/bin/../lib/gcc/arm-none-eabi/12.3.1/../../../../arm-none-eabi/lib/thumb/v7e-m+fp/hard/libc_nano.a(libc_a-printf.o)
                              ./CANopenNode_STM32/CO_app_STM32.o (printf)
[...]
Memory Configuration

Name             Origin             Length             Attributes
CCMRAM           0x10000000         0x00010000         xrw
RAM              0x20000000         0x00020000         xrw
FLASH            0x08000000         0x00100000         xr
*default*        0x00000000         0xffffffff

Linker script and memory map

LOAD /home/mihneadorcu/st/stm32cubeide_1.16.1_3/plugins/com.st.stm32cube.ide.mcu.externaltools.gnu-tools-for-stm32.12.3.rel1.linux64_1.0.200.202406132123/tools/bin/../lib/gcc/arm-none-eabi/12.3.1/thumb/v7e-m+fp/hard/crti.o
LOAD /home/mihneadorcu/st/stm32cubeide_1.16.1_3/plugins/com.st.stm32cube.ide.mcu.externaltools.gnu-tools-for-stm32.12.3.rel1.linux64_1.0.200.202406132123/tools/bin/../lib/gcc/arm-none-eabi/12.3.1/thumb/v7e-m+fp/hard/crtbegin.o
LOAD /home/mihneadorcu/st/stm32cubeide_1.16.1_3/plugins/com.st.stm32cube.ide.mcu.externaltools.gnu-tools-for-stm32.12.3.rel1.linux64_1.0.200.202406132123/tools/bin/../lib/gcc/arm-none-eabi/12.3.1/../../../../arm-none-eabi/lib/thumb/v7e-m+fp/hard/crt0.o
LOAD ./CANopenNode/301/CO_Emergency.o
LOAD ./CANopenNode/301/CO_HBconsumer.o
LOAD ./CANopenNode/301/CO_NMT_Heartbeat.o
LOAD ./CANopenNode/301/CO_Node_Guarding.o
LOAD ./CANopenNode/301/CO_ODinterface.o
LOAD ./CANopenNode/301/CO_PDO.o
LOAD ./CANopenNode/301/CO_SDOclient.o
LOAD ./CANopenNode/301/CO_SDOserver.o
LOAD ./CANopenNode/301/CO_SYNC.o
LOAD ./CANopenNode/301/CO_TIME.o
LOAD ./CANopenNode/301/CO_fifo.o
LOAD ./CANopenNode/301/crc16-ccitt.o
LOAD ./CANopenNode/303/CO_LEDs.o
LOAD ./CANopenNode/304/CO_GFC.o
LOAD ./CANopenNode/304/CO_SRDO.o
LOAD ./CANopenNode/305/CO_LSSmaster.o
LOAD ./CANopenNode/305/CO_LSSslave.o
LOAD ./CANopenNode/309/CO_gateway_ascii.o
LOAD ./CANopenNode/CANopen.o
LOAD ./CANopenNode/extra/CO_trace.o
LOAD ./CANopenNode/storage/CO_storage.o
LOAD ./CANopenNode/storage/CO_storageEeprom.o
LOAD ./CANopenNode_STM32/CO_app_STM32.o
LOAD ./CANopenNode_STM32/CO_driver_STM32.o
LOAD ./CANopenNode_STM32/CO_storageBlank.o
LOAD ./CANopenNode_STM32/OD.o
LOAD ./Core/Src/main.o
LOAD ./Core/Src/stm32f4xx_hal_msp.o
LOAD ./Core/Src/stm32f4xx_it.o
LOAD ./Core/Src/syscalls.o
LOAD ./Core/Src/sysmem.o
LOAD ./Core/Src/system_stm32f4xx.o
LOAD ./Core/Startup/startup_stm32f407vgtx.o
LOAD ./Drivers/STM32F4xx_HAL_Driver/Src/stm32f4xx_hal.o
LOAD ./Drivers/STM32F4xx_HAL_Driver/Src/stm32f4xx_hal_can.o
LOAD ./Drivers/STM32F4xx_HAL_Driver/Src/stm32f4xx_hal_cortex.o
LOAD ./Drivers/STM32F4xx_HAL_Driver/Src/stm32f4xx_hal_dma.o
LOAD ./Drivers/STM32F4xx_HAL_Driver/Src/stm32f4xx_hal_dma_ex.o
LOAD ./Drivers/STM32F4xx_HAL_Driver/Src/stm32f4xx_hal_exti.o
LOAD ./Drivers/STM32F4xx_HAL_Driver/Src/stm32f4xx_hal_flash.o
LOAD ./Drivers/STM32F4xx_HAL_Driver/Src/stm32f4xx_hal_flash_ex.o
LOAD ./Drivers/STM32F4xx_HAL_Driver/Src/stm32f4xx_hal_flash_ramfunc.o
LOAD ./Drivers/STM32F4xx_HAL_Driver/Src/stm32f4xx_hal_gpio.o
LOAD ./Drivers/STM32F4xx_HAL_Driver/Src/stm32f4xx_hal_i2c.o
LOAD ./Drivers/STM32F4xx_HAL_Driver/Src/stm32f4xx_hal_i2c_ex.o
LOAD ./Drivers/STM32F4xx_HAL_Driver/Src/stm32f4xx_hal_pwr.o
LOAD ./Drivers/STM32F4xx_HAL_Driver/Src/stm32f4xx_hal_pwr_ex.o
LOAD ./Drivers/STM32F4xx_HAL_Driver/Src/stm32f4xx_hal_rcc.o
LOAD ./Drivers/STM32F4xx_HAL_Driver/Src/stm32f4xx_hal_rcc_ex.o
LOAD ./Drivers/STM32F4xx_HAL_Driver/Src/stm32f4xx_hal_spi.o
LOAD ./Drivers/STM32F4xx_HAL_Driver/Src/stm32f4xx_hal_tim.o
LOAD ./Drivers/STM32F4xx_HAL_Driver/Src/stm32f4xx_hal_tim_ex.o
START GROUP
LOAD /home/mihneadorcu/st/stm32cubeide_1.16.1_3/plugins/com.st.stm32cube.ide.mcu.externaltools.gnu-tools-for-stm32.12.3.rel1.linux64_1.0.200.202406132123/tools/bin/../lib/gcc/arm-none-eabi/12.3.1/../../../../arm-none-eabi/lib/thumb/v7e-m+fp/hard/libc_nano.a
LOAD /home/mihneadorcu/st/stm32cubeide_1.16.1_3/plugins/com.st.stm32cube.ide.mcu.externaltools.gnu-tools-for-stm32.12.3.rel1.linux64_1.0.200.202406132123/tools/bin/../lib/gcc/arm-none-eabi/12.3.1/../../../../arm-none-eabi/lib/thumb/v7e-m+fp/hard/libm.a
END GROUP
START GROUP
LOAD /home/mihneadorcu/st/stm32cubeide_1.16.1_3/plugins/com.st.stm32cube.ide.mcu.externaltools.gnu-tools-for-stm32.12.3.rel1.linux64_1.0.200.202406132123/tools/bin/../lib/gcc/arm-none-eabi/12.3.1/thumb/v7e-m+fp/hard/libgcc.a
LOAD /home/mihneadorcu/st/stm32cubeide_1.16.1_3/plugins/com.st.stm32cube.ide.mcu.externaltools.gnu-tools-for-stm32.12.3.rel1.linux64_1.0.200.202406132123/tools/bin/../lib/gcc/arm-none-eabi/12.3.1/../../../../arm-none-eabi/lib/thumb/v7e-m+fp/hard/libc_nano.a
END GROUP
START GROUP
LOAD /home/mihneadorcu/st/stm32cubeide_1.16.1_3/plugins/com.st.stm32cube.ide.mcu.externaltools.gnu-tools-for-stm32.12.3.rel1.linux64_1.0.200.202406132123/tools/bin/../lib/gcc/arm-none-eabi/12.3.1/thumb/v7e-m+fp/hard/libgcc.a
LOAD /home/mihneadorcu/st/stm32cubeide_1.16.1_3/plugins/com.st.stm32cube.ide.mcu.externaltools.gnu-tools-for-stm32.12.3.rel1.linux64_1.0.200.202406132123/tools/bin/../lib/gcc/arm-none-eabi/12.3.1/../../../../arm-none-eabi/lib/thumb/v7e-m+fp/hard/libc_nano.a
LOAD /home/mihneadorcu/st/stm32cubeide_1.16.1_3/plugins/com.st.stm32cube.ide.mcu.externaltools.gnu-tools-for-stm32.12.3.rel1.linux64_1.0.200.202406132123/tools/bin/../lib/gcc/arm-none-eabi/12.3.1/../../../../arm-none-eabi/lib/thumb/v7e-m+fp/hard/libnosys.a
END GROUP
START GROUP
LOAD /home/mihneadorcu/st/stm32cubeide_1.16.1_3/plugins/com.st.stm32cube.ide.mcu.externaltools.gnu-tools-for-stm32.12.3.rel1.linux64_1.0.200.202406132123/tools/bin/../lib/gcc/arm-none-eabi/12.3.1/thumb/v7e-m+fp/hard/libgcc.a
LOAD /home/mihneadorcu/st/stm32cubeide_1.16.1_3/plugins/com.st.stm32cube.ide.mcu.externaltools.gnu-tools-for-stm32.12.3.rel1.linux64_1.0.200.202406132123/tools/bin/../lib/gcc/arm-none-eabi/12.3.1/../../../../arm-none-eabi/lib/thumb/v7e-m+fp/hard/libc_nano.a
LOAD /home/mihneadorcu/st/stm32cubeide_1.16.1_3/plugins/com.st.stm32cube.ide.mcu.externaltools.gnu-tools-for-stm32.12.3.rel1.linux64_1.0.200.202406132123/tools/bin/../lib/gcc/arm-none-eabi/12.3.1/../../../../arm-none-eabi/lib/thumb/v7e-m+fp/hard/libnosys.a
END GROUP
LOAD /home/mihneadorcu/st/stm32cubeide_1.16.1_3/plugins/com.st.stm32cube.ide.mcu.externaltools.gnu-tools-for-stm32.12.3.rel1.linux64_1.0.200.202406132123/tools/bin/../lib/gcc/arm-none-eabi/12.3.1/thumb/v7e-m+fp/hard/crtend.o
LOAD /home/mihneadorcu/st/stm32cubeide_1.16.1_3/plugins/com.st.stm32cube.ide.mcu.externaltools.gnu-tools-for-stm32.12.3.rel1.linux64_1.0.200.202406132123/tools/bin/../lib/gcc/arm-none-eabi/12.3.1/thumb/v7e-m+fp/hard/crtn.o
                0x20020000                        _estack = (ORIGIN (RAM) + LENGTH (RAM))
                0x00000200                        _Min_Heap_Size = 0x200
                0x00000400                        _Min_Stack_Size = 0x400

.isr_vector     0x08000000      0x188
                0x08000000                        . = ALIGN (0x4)
 *(.isr_vector)
 .isr_vector    0x08000000      0x188 ./Core/Startup/startup_stm32f407vgtx.o
                0x08000000                g_pfnVectors
                0x08000188                        . = ALIGN (0x4)

.text           0x08000190     0xb8c8
                0x08000190                        . = ALIGN (0x4)
 *(.text)
 .text          0x08000190       0x40 /home/mihneadorcu/st/stm32cubeide_1.16.1_3/plugins/com.st.stm32cube.ide.mcu.externaltools.gnu-tools-for-stm32.12.3.rel1.linux64_1.0.200.202406132123/tools/bin/../lib/gcc/arm-none-eabi/12.3.1/thumb/v7e-m+fp/hard/crtbegin.o
 .text          0x080001d0       0x10 /home/mihneadorcu/st/stm32cubeide_1.16.1_3/plugins/com.st.stm32cube.ide.mcu.externaltools.gnu-tools-for-stm32.12.3.rel1.linux64_1.0.200.202406132123/tools/bin/../lib/gcc/arm-none-eabi/12.3.1/../../../../arm-none-eabi/lib/thumb/v7e-m+fp/hard/libc_nano.a(libc_a-strlen.o)
                0x080001d0                strlen
 .text          0x080001e0       0xa0 /home/mihneadorcu/st/stm32cubeide_1.16.1_3/plugins/com.st.stm32cube.ide.mcu.externaltools.gnu-tools-for-stm32.12.3.rel1.linux64_1.0.200.202406132123/tools/bin/../lib/gcc/arm-none-eabi/12.3.1/../../../../arm-none-eabi/lib/thumb/v7e-m+fp/hard/libc_nano.a(libc_a-memchr.o)
                0x080001e0                memchr
 .text          0x08000280       0x30 /home/mihneadorcu/st/stm32cubeide_1.16.1_3/plugins/com.st.stm32cube.ide.mcu.externaltools.gnu-tools-for-stm32.12.3.rel1.linux64_1.0.200.202406132123/tools/bin/../lib/gcc/arm-none-eabi/12.3.1/thumb/v7e-m+fp/hard/libgcc.a(_aeabi_uldivmod.o)
                0x08000280                __aeabi_uldivmod
 .text          0x080002b0      0x2bc /home/mihneadorcu/st/stm32cubeide_1.16.1_3/plugins/com.st.stm32cube.ide.mcu.externaltools.gnu-tools-for-stm32.12.3.rel1.linux64_1.0.200.202406132123/tools/bin/../lib/gcc/arm-none-eabi/12.3.1/thumb/v7e-m+fp/hard/libgcc.a(_udivmoddi4.o)
                0x080002b0                __udivmoddi4
 .text          0x0800056c        0x4 /home/mihneadorcu/st/stm32cubeide_1.16.1_3/plugins/com.st.stm32cube.ide.mcu.externaltools.gnu-tools-for-stm32.12.3.rel1.linux64_1.0.200.202406132123/tools/bin/../lib/gcc/arm-none-eabi/12.3.1/thumb/v7e-m+fp/hard/libgcc.a(_dvmd_tls.o)
                0x0800056c                __aeabi_ldiv0
                0x0800056c                __aeabi_idiv0
 *(.text*)
 .text.CO_getUint8
                0x08000570       0x1c ./CANopenNode/301/CO_Emergency.o
 .text.CO_setUint8
                0x0800058c       0x20 ./CANopenNode/301/CO_Emergency.o
 .text.CO_setUint32
                0x080005ac       0x1e ./CANopenNode/301/CO_Emergency.o
 .text.OD_getIndex
                0x080005ca       0x22 ./CANopenNode/301/CO_Emergency.o
 .text.OD_extension_init
                0x080005ec       0x28 ./CANopenNode/301/CO_Emergency.o
 .text.OD_get_u32
                0x08000614       0x2a ./CANopenNode/301/CO_Emergency.o
 .text.OD_read_1014_default
                0x0800063e       0x70 ./CANopenNode/301/CO_Emergency.o
 .text.OD_read_1003
                0x080006ae       0xda ./CANopenNode/301/CO_Emergency.o
 .text.OD_write_1003
                0x08000788       0x60 ./CANopenNode/301/CO_Emergency.o
 .text.CO_EM_init
                0x080007e8      0x1c0 ./CANopenNode/301/CO_Emergency.o
                0x080007e8                CO_EM_init
 .text.CO_EM_process
                0x080009a8      0x296 ./CANopenNode/301/CO_Emergency.o
                0x080009a8                CO_EM_process
 .text.CO_error
                0x08000c3e      0x17a ./CANopenNode/301/CO_Emergency.o
                0x08000c3e                CO_error
 .text.CO_getUint32
                0x08000db8       0x1c ./CANopenNode/301/CO_HBconsumer.o
 .text.OD_getIndex
                0x08000dd4       0x22 ./CANopenNode/301/CO_HBconsumer.o
 .text.OD_extension_init
                0x08000df6       0x28 ./CANopenNode/301/CO_HBconsumer.o
 .text.OD_get_u32
                0x08000e1e       0x2a ./CANopenNode/301/CO_HBconsumer.o
 .text.CO_HBcons_receive
                0x08000e48       0x3c ./CANopenNode/301/CO_HBconsumer.o
 .text.OD_write_1016
                0x08000e84       0x8e ./CANopenNode/301/CO_HBconsumer.o
 *fill*         0x08000f12        0x2 
 .text.CO_HBconsumer_init
                0x08000f14      0x154 ./CANopenNode/301/CO_HBconsumer.o
                0x08000f14                CO_HBconsumer_init
 .text.CO_HBconsumer_initEntry
                0x08001068      0x12c ./CANopenNode/301/CO_HBconsumer.o
 .text.CO_HBconsumer_process
                0x08001194      0x1aa ./CANopenNode/301/CO_HBconsumer.o
                0x08001194                CO_HBconsumer_process
 .text.CO_getUint16
                0x0800133e       0x1e ./CANopenNode/301/CO_NMT_Heartbeat.o
 .text.OD_getIndex
                0x0800135c       0x22 ./CANopenNode/301/CO_NMT_Heartbeat.o
 .text.OD_extension_init
                0x0800137e       0x28 ./CANopenNode/301/CO_NMT_Heartbeat.o
 .text.OD_get_u16
                0x080013a6       0x2a ./CANopenNode/301/CO_NMT_Heartbeat.o
 .text.CO_isError
                0x080013d0       0x4e ./CANopenNode/301/CO_NMT_Heartbeat.o
 .text.CO_getErrorRegister
                0x0800141e       0x2c ./CANopenNode/301/CO_NMT_Heartbeat.o
 .text.CO_NMT_receive
                0x0800144a       0x50 ./CANopenNode/301/CO_NMT_Heartbeat.o
 .text.OD_write_1017
                0x0800149a       0x6a ./CANopenNode/301/CO_NMT_Heartbeat.o
 .text.CO_NMT_init
                0x08001504      0x17c ./CANopenNode/301/CO_NMT_Heartbeat.o
                0x08001504                CO_NMT_init
 .text.CO_NMT_process
                0x08001680      0x22e ./CANopenNode/301/CO_NMT_Heartbeat.o
                0x08001680                CO_NMT_process
 .text.OD_readOriginal
                0x080018ae       0xb0 ./CANopenNode/301/CO_ODinterface.o
                0x080018ae                OD_readOriginal
 .text.OD_writeOriginal
                0x0800195e       0xda ./CANopenNode/301/CO_ODinterface.o
                0x0800195e                OD_writeOriginal
 .text.OD_readDisabled
                0x08001a38       0x1c ./CANopenNode/301/CO_ODinterface.o
 .text.OD_writeDisabled
                0x08001a54       0x1c ./CANopenNode/301/CO_ODinterface.o
 .text.OD_find  0x08001a70       0xb8 ./CANopenNode/301/CO_ODinterface.o
                0x08001a70                OD_find
 .text.OD_getSub
                0x08001b28      0x210 ./CANopenNode/301/CO_ODinterface.o
                0x08001b28                OD_getSub
 .text.OD_getSDOabCode
                0x08001d38       0x3c ./CANopenNode/301/CO_ODinterface.o
                0x08001d38                OD_getSDOabCode
 .text.OD_get_value
                0x08001d74       0x7a ./CANopenNode/301/CO_ODinterface.o
                0x08001d74                OD_get_value
 .text.OD_set_value
                0x08001dee       0x7a ./CANopenNode/301/CO_ODinterface.o
                0x08001dee                OD_set_value
 .text.OD_getPtr
                0x08001e68       0x86 ./CANopenNode/301/CO_ODinterface.o
                0x08001e68                OD_getPtr
 .text.CO_getUint8
                0x08001eee       0x1c ./CANopenNode/301/CO_PDO.o
 .text.CO_getUint16
                0x08001f0a       0x1e ./CANopenNode/301/CO_PDO.o
 .text.CO_getUint32
                0x08001f28       0x1c ./CANopenNode/301/CO_PDO.o
 .text.CO_setUint32
                0x08001f44       0x1e ./CANopenNode/301/CO_PDO.o
 .text.OD_getIndex
                0x08001f62       0x22 ./CANopenNode/301/CO_PDO.o
 .text.OD_extension_init
                0x08001f84       0x28 ./CANopenNode/301/CO_PDO.o
 .text.OD_get_u8
                0x08001fac       0x2a ./CANopenNode/301/CO_PDO.o
 .text.OD_get_u16
                0x08001fd6       0x2a ./CANopenNode/301/CO_PDO.o
 .text.OD_get_u32
                0x08002000       0x2a ./CANopenNode/301/CO_PDO.o
 .text.OD_write_dummy
                0x0800202a       0x28 ./CANopenNode/301/CO_PDO.o
 .text.OD_read_dummy
                0x08002052       0x4e ./CANopenNode/301/CO_PDO.o
 .text.PDOconfigMap
                0x080020a0      0x17c ./CANopenNode/301/CO_PDO.o
 .text.PDO_initMapping
                0x0800221c      0x154 ./CANopenNode/301/CO_PDO.o
 .text.OD_write_PDO_mapping
                0x08002370      0x132 ./CANopenNode/301/CO_PDO.o
 .text.OD_read_PDO_commParam
                0x080024a2       0x9c ./CANopenNode/301/CO_PDO.o
 .text.CO_PDO_receive
                0x0800253e       0xbc ./CANopenNode/301/CO_PDO.o
 *fill*         0x080025fa        0x2 
 .text.OD_write_14xx
                0x080025fc      0x240 ./CANopenNode/301/CO_PDO.o
 .text.CO_RPDO_init
                0x0800283c      0x284 ./CANopenNode/301/CO_PDO.o
                0x0800283c                CO_RPDO_init
 .text.CO_RPDO_process
                0x08002ac0      0x296 ./CANopenNode/301/CO_PDO.o
                0x08002ac0                CO_RPDO_process
 *fill*         0x08002d56        0x2 
 .text.OD_write_18xx
                0x08002d58      0x2a4 ./CANopenNode/301/CO_PDO.o
 .text.CO_TPDO_init
                0x08002ffc      0x2e0 ./CANopenNode/301/CO_PDO.o
                0x08002ffc                CO_TPDO_init
 .text.CO_TPDOsend
                0x080032dc      0x188 ./CANopenNode/301/CO_PDO.o
 .text.CO_TPDO_process
                0x08003464      0x200 ./CANopenNode/301/CO_PDO.o
                0x08003464                CO_TPDO_process
 .text.CO_getUint8
                0x08003664       0x1c ./CANopenNode/301/CO_SDOserver.o
 .text.CO_getUint32
                0x08003680       0x1c ./CANopenNode/301/CO_SDOserver.o
 .text.OD_getIndex
                0x0800369c       0x22 ./CANopenNode/301/CO_SDOserver.o
 .text.OD_extension_init
                0x080036be       0x28 ./CANopenNode/301/CO_SDOserver.o
 .text.OD_get_u8
                0x080036e6       0x2a ./CANopenNode/301/CO_SDOserver.o
 .text.OD_get_u32
                0x08003710       0x2a ./CANopenNode/301/CO_SDOserver.o
 .text.OD_set_u32
                0x0800373a       0x2a ./CANopenNode/301/CO_SDOserver.o
 .text.CO_SDO_receive
                0x08003764       0x54 ./CANopenNode/301/CO_SDOserver.o
 .text.CO_SDOserver_init_canRxTx
                0x080037b8       0xd8 ./CANopenNode/301/CO_SDOserver.o
 .text.OD_write_1201_additional
                0x08003890      0x224 ./CANopenNode/301/CO_SDOserver.o
 .text.CO_SDOserver_init
                0x08003ab4      0x228 ./CANopenNode/301/CO_SDOserver.o
                0x08003ab4                CO_SDOserver_init
 .text.validateAndWriteToOD
                0x08003cdc      0x220 ./CANopenNode/301/CO_SDOserver.o
 .text.readFromOd
                0x08003efc      0x18c ./CANopenNode/301/CO_SDOserver.o
 .text.CO_SDOserver_process
                0x08004088      0xa2c ./CANopenNode/301/CO_SDOserver.o
                0x08004088                CO_SDOserver_process
 .text.CO_getUint8
                0x08004ab4       0x1c ./CANopenNode/301/CO_SYNC.o
 .text.CO_getUint32
                0x08004ad0       0x1c ./CANopenNode/301/CO_SYNC.o
 .text.OD_getIndex
                0x08004aec       0x22 ./CANopenNode/301/CO_SYNC.o
 .text.OD_extension_init
                0x08004b0e       0x28 ./CANopenNode/301/CO_SYNC.o
 .text.OD_get_u8
                0x08004b36       0x2a ./CANopenNode/301/CO_SYNC.o
 .text.OD_get_u32
                0x08004b60       0x2a ./CANopenNode/301/CO_SYNC.o
 .text.CO_SYNCsend
                0x08004b8a       0x64 ./CANopenNode/301/CO_SYNC.o
 .text.CO_SYNC_receive
                0x08004bee       0x8c ./CANopenNode/301/CO_SYNC.o
 *fill*         0x08004c7a        0x2 
 .text.OD_write_1005
                0x08004c7c      0x188 ./CANopenNode/301/CO_SYNC.o
 .text.OD_write_1019
                0x08004e04       0xbc ./CANopenNode/301/CO_SYNC.o
 .text.CO_SYNC_init
                0x08004ec0      0x24c ./CANopenNode/301/CO_SYNC.o
                0x08004ec0                CO_SYNC_init
 .text.CO_SYNC_process
                0x0800510c      0x172 ./CANopenNode/301/CO_SYNC.o
                0x0800510c                CO_SYNC_process
 .text.CO_getUint16
                0x0800527e       0x1e ./CANopenNode/301/CO_TIME.o
 .text.CO_getUint32
                0x0800529c       0x1c ./CANopenNode/301/CO_TIME.o
 .text.OD_getIndex
                0x080052b8       0x22 ./CANopenNode/301/CO_TIME.o
 .text.OD_extension_init
                0x080052da       0x28 ./CANopenNode/301/CO_TIME.o
 .text.OD_get_u32
                0x08005302       0x2a ./CANopenNode/301/CO_TIME.o
 .text.CO_TIME_receive
                0x0800532c       0x3a ./CANopenNode/301/CO_TIME.o
 *fill*         0x08005366        0x2 
 .text.OD_write_1012
                0x08005368       0xe4 ./CANopenNode/301/CO_TIME.o
 .text.CO_TIME_init
                0x0800544c      0x100 ./CANopenNode/301/CO_TIME.o
                0x0800544c                CO_TIME_init
 .text.CO_TIME_process
                0x0800554c       0xec ./CANopenNode/301/CO_TIME.o
                0x0800554c                CO_TIME_process
 .text.CO_LEDs_init
                0x08005638       0x2e ./CANopenNode/303/CO_LEDs.o
                0x08005638                CO_LEDs_init
 *fill*         0x08005666        0x2 
 .text.CO_LEDs_process
                0x08005668      0x360 ./CANopenNode/303/CO_LEDs.o
                0x08005668                CO_LEDs_process
 .text.CO_LSSslave_receive
                0x080059c8      0x2c8 ./CANopenNode/305/CO_LSSslave.o
 .text.CO_LSSslave_init
                0x08005c90       0xec ./CANopenNode/305/CO_LSSslave.o
                0x08005c90                CO_LSSslave_init
 .text.CO_LSSslave_process
                0x08005d7c      0x428 ./CANopenNode/305/CO_LSSslave.o
                0x08005d7c                CO_LSSslave_process
 .text.CO_isError
                0x080061a4       0x4e ./CANopenNode/CANopen.o
 .text.CO_getErrorRegister
                0x080061f2       0x2c ./CANopenNode/CANopen.o
 .text.CO_NMT_getInternalState
                0x0800621e       0x24 ./CANopenNode/CANopen.o
 .text.CO_LSSslave_getState
                0x08006242       0x22 ./CANopenNode/CANopen.o
 .text.CO_new   0x08006264      0x24e ./CANopenNode/CANopen.o
                0x08006264                CO_new
 .text.CO_delete
                0x080064b2       0xbe ./CANopenNode/CANopen.o
                0x080064b2                CO_delete
 .text.CO_CANinit
                0x08006570       0x58 ./CANopenNode/CANopen.o
                0x08006570                CO_CANinit
 .text.CO_LSSinit
                0x080065c8       0x58 ./CANopenNode/CANopen.o
                0x080065c8                CO_LSSinit
 .text.CO_CANopenInit
                0x08006620      0x288 ./CANopenNode/CANopen.o
                0x08006620                CO_CANopenInit
 .text.CO_CANopenInitPDO
                0x080068a8      0x190 ./CANopenNode/CANopen.o
                0x080068a8                CO_CANopenInitPDO
 .text.CO_process
                0x08006a38      0x1f0 ./CANopenNode/CANopen.o
                0x08006a38                CO_process
 .text.CO_process_SYNC
                0x08006c28       0x86 ./CANopenNode/CANopen.o
                0x08006c28                CO_process_SYNC
 .text.CO_process_RPDO
                0x08006cae       0x68 ./CANopenNode/CANopen.o
                0x08006cae                CO_process_RPDO
 .text.CO_process_TPDO
                0x08006d16       0x68 ./CANopenNode/CANopen.o
                0x08006d16                CO_process_TPDO
 *fill*         0x08006d7e        0x2 
 .text.canopen_app_init
                0x08006d80       0x68 ./CANopenNode_STM32/CO_app_STM32.o
                0x08006d80                canopen_app_init
 .text.canopen_app_resetCommunication
                0x08006de8      0x23c ./CANopenNode_STM32/CO_app_STM32.o
                0x08006de8                canopen_app_resetCommunication
 .text.canopen_app_process
                0x08007024       0xd8 ./CANopenNode_STM32/CO_app_STM32.o
                0x08007024                canopen_app_process
 .text.canopen_app_interrupt
                0x080070fc       0x84 ./CANopenNode_STM32/CO_app_STM32.o
                0x080070fc                canopen_app_interrupt
 .text.CO_CANsetConfigurationMode
                0x08007180       0x20 ./CANopenNode_STM32/CO_driver_STM32.o
                0x08007180                CO_CANsetConfigurationMode
 .text.CO_CANsetNormalMode
                0x080071a0       0x30 ./CANopenNode_STM32/CO_driver_STM32.o
                0x080071a0                CO_CANsetNormalMode
 .text.CO_CANmodule_init
                0x080071d0      0x190 ./CANopenNode_STM32/CO_driver_STM32.o
                0x080071d0                CO_CANmodule_init
 .text.CO_CANmodule_disable
                0x08007360       0x2a ./CANopenNode_STM32/CO_driver_STM32.o
                0x08007360                CO_CANmodule_disable
 *fill*         0x0800738a        0x2 
 .text.CO_CANrxBufferInit
                0x0800738c       0xbc ./CANopenNode_STM32/CO_driver_STM32.o
                0x0800738c                CO_CANrxBufferInit
 .text.CO_CANtxBufferInit
                0x08007448       0x74 ./CANopenNode_STM32/CO_driver_STM32.o
                0x08007448                CO_CANtxBufferInit
 .text.prv_send_can_message
                0x080074bc       0x80 ./CANopenNode_STM32/CO_driver_STM32.o
 .text.CO_CANsend
                0x0800753c       0x86 ./CANopenNode_STM32/CO_driver_STM32.o
                0x0800753c                CO_CANsend
 .text.CO_CANclearPendingSyncPDOs
                0x080075c2       0xcc ./CANopenNode_STM32/CO_driver_STM32.o
                0x080075c2                CO_CANclearPendingSyncPDOs
 .text.CO_CANmodule_process
                0x0800768e       0x90 ./CANopenNode_STM32/CO_driver_STM32.o
                0x0800768e                CO_CANmodule_process
 *fill*         0x0800771e        0x2 
 .text.prv_read_can_received_msg
                0x08007720       0xd8 ./CANopenNode_STM32/CO_driver_STM32.o
 .text.HAL_CAN_RxFifo0MsgPendingCallback
                0x080077f8       0x1a ./CANopenNode_STM32/CO_driver_STM32.o
                0x080077f8                HAL_CAN_RxFifo0MsgPendingCallback
 .text.HAL_CAN_RxFifo1MsgPendingCallback
                0x08007812       0x1a ./CANopenNode_STM32/CO_driver_STM32.o
                0x08007812                HAL_CAN_RxFifo1MsgPendingCallback
 .text.CO_CANinterrupt_TX
                0x0800782c       0xa4 ./CANopenNode_STM32/CO_driver_STM32.o
                0x0800782c                CO_CANinterrupt_TX
 .text.HAL_CAN_TxMailbox0CompleteCallback
                0x080078d0       0x20 ./CANopenNode_STM32/CO_driver_STM32.o
                0x080078d0                HAL_CAN_TxMailbox0CompleteCallback
 .text.HAL_CAN_TxMailbox1CompleteCallback
                0x080078f0       0x20 ./CANopenNode_STM32/CO_driver_STM32.o
                0x080078f0                HAL_CAN_TxMailbox1CompleteCallback
 .text.HAL_CAN_TxMailbox2CompleteCallback
                0x08007910       0x20 ./CANopenNode_STM32/CO_driver_STM32.o
                0x08007910                HAL_CAN_TxMailbox2CompleteCallback
 .text.HAL_TIM_PeriodElapsedCallback
                0x08007930       0x24 ./Core/Src/main.o
                0x08007930                HAL_TIM_PeriodElapsedCallback
 .text.main     0x08007954       0x88 ./Core/Src/main.o
                0x08007954                main
 .text.SystemClock_Config
                0x080079dc       0xd4 ./Core/Src/main.o
                0x080079dc                SystemClock_Config
 .text.MX_CAN2_Init
                0x08007ab0       0x70 ./Core/Src/main.o
 .text.MX_I2C1_Init
                0x08007b20       0x5c ./Core/Src/main.o
 .text.MX_SPI1_Init
                0x08007b7c       0x6c ./Core/Src/main.o
 .text.MX_TIM14_Init
                0x08007be8       0x48 ./Core/Src/main.o
 .text.MX_GPIO_Init
                0x08007c30      0x298 ./Core/Src/main.o
 .text.Error_Handler
                0x08007ec8        0xc ./Core/Src/main.o
                0x08007ec8                Error_Handler
 .text.HAL_MspInit
                0x08007ed4       0x50 ./Core/Src/stm32f4xx_hal_msp.o
                0x08007ed4                HAL_MspInit
 .text.HAL_CAN_MspInit
                0x08007f24       0xec ./Core/Src/stm32f4xx_hal_msp.o
                0x08007f24                HAL_CAN_MspInit
 .text.HAL_I2C_MspInit
                0x08008010       0x90 ./Core/Src/stm32f4xx_hal_msp.o
                0x08008010                HAL_I2C_MspInit
 .text.HAL_SPI_MspInit
                0x080080a0       0x90 ./Core/Src/stm32f4xx_hal_msp.o
                0x080080a0                HAL_SPI_MspInit
 .text.HAL_TIM_Base_MspInit
                0x08008130       0x50 ./Core/Src/stm32f4xx_hal_msp.o
                0x08008130                HAL_TIM_Base_MspInit
 .text.NMI_Handler
                0x08008180        0x8 ./Core/Src/stm32f4xx_it.o
                0x08008180                NMI_Handler
 .text.HardFault_Handler
                0x08008188        0x8 ./Core/Src/stm32f4xx_it.o
                0x08008188                HardFault_Handler
 .text.MemManage_Handler
                0x08008190        0x8 ./Core/Src/stm32f4xx_it.o
                0x08008190                MemManage_Handler
 .text.BusFault_Handler
                0x08008198        0x8 ./Core/Src/stm32f4xx_it.o
                0x08008198                BusFault_Handler
 .text.UsageFault_Handler
                0x080081a0        0x8 ./Core/Src/stm32f4xx_it.o
                0x080081a0                UsageFault_Handler
 .text.SVC_Handler
                0x080081a8        0xe ./Core/Src/stm32f4xx_it.o
                0x080081a8                SVC_Handler
 .text.DebugMon_Handler
                0x080081b6        0xe ./Core/Src/stm32f4xx_it.o
                0x080081b6                DebugMon_Handler
 .text.PendSV_Handler
                0x080081c4        0xe ./Core/Src/stm32f4xx_it.o
                0x080081c4                PendSV_Handler
 .text.SysTick_Handler
                0x080081d2        0xc ./Core/Src/stm32f4xx_it.o
                0x080081d2                SysTick_Handler
 *fill*         0x080081de        0x2 
 .text.TIM8_TRG_COM_TIM14_IRQHandler
                0x080081e0       0x14 ./Core/Src/stm32f4xx_it.o
                0x080081e0                TIM8_TRG_COM_TIM14_IRQHandler
 .text.CAN2_TX_IRQHandler
                0x080081f4       0x14 ./Core/Src/stm32f4xx_it.o
                0x080081f4                CAN2_TX_IRQHandler
 .text.CAN2_RX0_IRQHandler
                0x08008208       0x14 ./Core/Src/stm32f4xx_it.o
                0x08008208                CAN2_RX0_IRQHandler
 .text.CAN2_RX1_IRQHandler
                0x0800821c       0x14 ./Core/Src/stm32f4xx_it.o
                0x0800821c                CAN2_RX1_IRQHandler
 .text.CAN2_SCE_IRQHandler
                0x08008230       0x14 ./Core/Src/stm32f4xx_it.o
                0x08008230                CAN2_SCE_IRQHandler
 .text._read    0x08008244       0x3a ./Core/Src/syscalls.o
                0x08008244                _read
 .text._write   0x0800827e       0x38 ./Core/Src/syscalls.o
                0x0800827e                _write
 .text._close   0x080082b6       0x18 ./Core/Src/syscalls.o
                0x080082b6                _close
 .text._fstat   0x080082ce       0x20 ./Core/Src/syscalls.o
                0x080082ce                _fstat
 .text._isatty  0x080082ee       0x16 ./Core/Src/syscalls.o
                0x080082ee                _isatty
 .text._lseek   0x08008304       0x1a ./Core/Src/syscalls.o
                0x08008304                _lseek
 *fill*         0x0800831e        0x2 
 .text._sbrk    0x08008320       0x6c ./Core/Src/sysmem.o
                0x08008320                _sbrk
 .text.SystemInit
                0x0800838c       0x24 ./Core/Src/system_stm32f4xx.o
                0x0800838c                SystemInit
 .text.Reset_Handler
                0x080083b0       0x50 ./Core/Startup/startup_stm32f407vgtx.o
                0x080083b0                Reset_Handler
 .text.Default_Handler
                0x08008400        0x2 ./Core/Startup/startup_stm32f407vgtx.o
                0x08008400                RTC_Alarm_IRQHandler
                0x08008400                HASH_RNG_IRQHandler
                0x08008400                EXTI2_IRQHandler
                0x08008400                TIM8_CC_IRQHandler
                0x08008400                TIM1_CC_IRQHandler
                0x08008400                DMA2_Stream5_IRQHandler
                0x08008400                DMA1_Stream5_IRQHandler
                0x08008400                PVD_IRQHandler
                0x08008400                SDIO_IRQHandler
                0x08008400                TAMP_STAMP_IRQHandler
                0x08008400                EXTI3_IRQHandler
                0x08008400                TIM1_UP_TIM10_IRQHandler
                0x08008400                TIM8_UP_TIM13_IRQHandler
                0x08008400                I2C3_ER_IRQHandler
                0x08008400                EXTI0_IRQHandler
                0x08008400                I2C2_EV_IRQHandler
                0x08008400                DMA1_Stream2_IRQHandler
                0x08008400                CAN1_RX0_IRQHandler
                0x08008400                FPU_IRQHandler
                0x08008400                OTG_HS_WKUP_IRQHandler
                0x08008400                DMA2_Stream2_IRQHandler
                0x08008400                SPI1_IRQHandler
                0x08008400                TIM6_DAC_IRQHandler
                0x08008400                TIM1_BRK_TIM9_IRQHandler
                0x08008400                DCMI_IRQHandler
                0x08008400                DMA2_Stream3_IRQHandler
                0x08008400                USART6_IRQHandler
                0x08008400                USART3_IRQHandler
                0x08008400                CAN1_RX1_IRQHandler
                0x08008400                UART5_IRQHandler
                0x08008400                DMA2_Stream0_IRQHandler
                0x08008400                TIM4_IRQHandler
                0x08008400                I2C1_EV_IRQHandler
                0x08008400                DMA1_Stream6_IRQHandler
                0x08008400                DMA1_Stream1_IRQHandler
                0x08008400                UART4_IRQHandler
                0x08008400                TIM3_IRQHandler
                0x08008400                RCC_IRQHandler
                0x08008400                TIM8_BRK_TIM12_IRQHandler
                0x08008400                Default_Handler
                0x08008400                EXTI15_10_IRQHandler
                0x08008400                ADC_IRQHandler
                0x08008400                DMA1_Stream7_IRQHandler
                0x08008400                TIM7_IRQHandler
                0x08008400                TIM5_IRQHandler
                0x08008400                DMA2_Stream7_IRQHandler
                0x08008400                I2C3_EV_IRQHandler
                0x08008400                EXTI9_5_IRQHandler
                0x08008400                RTC_WKUP_IRQHandler
                0x08008400                ETH_WKUP_IRQHandler
                0x08008400                SPI2_IRQHandler
                0x08008400                OTG_HS_EP1_IN_IRQHandler
                0x08008400                DMA1_Stream0_IRQHandler
                0x08008400                CAN1_TX_IRQHandler
                0x08008400                EXTI4_IRQHandler
                0x08008400                FSMC_IRQHandler
                0x08008400                ETH_IRQHandler
                0x08008400                OTG_HS_EP1_OUT_IRQHandler
                0x08008400                WWDG_IRQHandler
                0x08008400                TIM2_IRQHandler
                0x08008400                OTG_FS_WKUP_IRQHandler
                0x08008400                TIM1_TRG_COM_TIM11_IRQHandler
                0x08008400                OTG_HS_IRQHandler
                0x08008400                EXTI1_IRQHandler
                0x08008400                USART2_IRQHandler
                0x08008400                I2C2_ER_IRQHandler
                0x08008400                DMA2_Stream1_IRQHandler
                0x08008400                CAN1_SCE_IRQHandler
                0x08008400                FLASH_IRQHandler
                0x08008400                DMA2_Stream4_IRQHandler
                0x08008400                USART1_IRQHandler
                0x08008400                OTG_FS_IRQHandler
                0x08008400                SPI3_IRQHandler
                0x08008400                DMA1_Stream4_IRQHandler
                0x08008400                I2C1_ER_IRQHandler
                0x08008400                DMA2_Stream6_IRQHandler
                0x08008400                DMA1_Stream3_IRQHandler
 *fill*         0x08008402        0x2 
 .text.HAL_Init
                0x08008404       0x44 ./Drivers/STM32F4xx_HAL_Driver/Src/stm32f4xx_hal.o
                0x08008404                HAL_Init
 .text.HAL_InitTick
                0x08008448       0x60 ./Drivers/STM32F4xx_HAL_Driver/Src/stm32f4xx_hal.o
                0x08008448                HAL_InitTick
 .text.HAL_IncTick
                0x080084a8       0x28 ./Drivers/STM32F4xx_HAL_Driver/Src/stm32f4xx_hal.o
                0x080084a8                HAL_IncTick
 .text.HAL_GetTick
                0x080084d0       0x18 ./Drivers/STM32F4xx_HAL_Driver/Src/stm32f4xx_hal.o
                0x080084d0                HAL_GetTick
 .text.HAL_CAN_Init
                0x080084e8      0x1f6 ./Drivers/STM32F4xx_HAL_Driver/Src/stm32f4xx_hal_can.o
                0x080084e8                HAL_CAN_Init
 *fill*         0x080086de        0x2 
 .text.HAL_CAN_ConfigFilter
                0x080086e0      0x1c0 ./Drivers/STM32F4xx_HAL_Driver/Src/stm32f4xx_hal_can.o
                0x080086e0                HAL_CAN_ConfigFilter
 .text.HAL_CAN_Start
                0x080088a0       0x88 ./Drivers/STM32F4xx_HAL_Driver/Src/stm32f4xx_hal_can.o
                0x080088a0                HAL_CAN_Start
 .text.HAL_CAN_Stop
                0x08008928       0x92 ./Drivers/STM32F4xx_HAL_Driver/Src/stm32f4xx_hal_can.o
                0x08008928                HAL_CAN_Stop
 .text.HAL_CAN_AddTxMessage
                0x080089ba      0x1b6 ./Drivers/STM32F4xx_HAL_Driver/Src/stm32f4xx_hal_can.o
                0x080089ba                HAL_CAN_AddTxMessage
 .text.HAL_CAN_GetTxMailboxesFreeLevel
                0x08008b70       0x6a ./Drivers/STM32F4xx_HAL_Driver/Src/stm32f4xx_hal_can.o
                0x08008b70                HAL_CAN_GetTxMailboxesFreeLevel
 .text.HAL_CAN_GetRxMessage
                0x08008bda      0x224 ./Drivers/STM32F4xx_HAL_Driver/Src/stm32f4xx_hal_can.o
                0x08008bda                HAL_CAN_GetRxMessage
 .text.HAL_CAN_ActivateNotification
                0x08008dfe       0x4c ./Drivers/STM32F4xx_HAL_Driver/Src/stm32f4xx_hal_can.o
                0x08008dfe                HAL_CAN_ActivateNotification
 .text.HAL_CAN_IRQHandler
                0x08008e4a      0x36e ./Drivers/STM32F4xx_HAL_Driver/Src/stm32f4xx_hal_can.o
                0x08008e4a                HAL_CAN_IRQHandler
 .text.HAL_CAN_TxMailbox0AbortCallback
                0x080091b8       0x14 ./Drivers/STM32F4xx_HAL_Driver/Src/stm32f4xx_hal_can.o
                0x080091b8                HAL_CAN_TxMailbox0AbortCallback
 .text.HAL_CAN_TxMailbox1AbortCallback
                0x080091cc       0x14 ./Drivers/STM32F4xx_HAL_Driver/Src/stm32f4xx_hal_can.o
                0x080091cc                HAL_CAN_TxMailbox1AbortCallback
 .text.HAL_CAN_TxMailbox2AbortCallback
                0x080091e0       0x14 ./Drivers/STM32F4xx_HAL_Driver/Src/stm32f4xx_hal_can.o
                0x080091e0                HAL_CAN_TxMailbox2AbortCallback
 .text.HAL_CAN_RxFifo0FullCallback
                0x080091f4       0x14 ./Drivers/STM32F4xx_HAL_Driver/Src/stm32f4xx_hal_can.o
                0x080091f4                HAL_CAN_RxFifo0FullCallback
 .text.HAL_CAN_RxFifo1FullCallback
                0x08009208       0x14 ./Drivers/STM32F4xx_HAL_Driver/Src/stm32f4xx_hal_can.o
                0x08009208                HAL_CAN_RxFifo1FullCallback
 .text.HAL_CAN_SleepCallback
                0x0800921c       0x14 ./Drivers/STM32F4xx_HAL_Driver/Src/stm32f4xx_hal_can.o
                0x0800921c                HAL_CAN_SleepCallback
 .text.HAL_CAN_WakeUpFromRxMsgCallback
                0x08009230       0x14 ./Drivers/STM32F4xx_HAL_Driver/Src/stm32f4xx_hal_can.o
                0x08009230                HAL_CAN_WakeUpFromRxMsgCallback
 .text.HAL_CAN_ErrorCallback
                0x08009244       0x14 ./Drivers/STM32F4xx_HAL_Driver/Src/stm32f4xx_hal_can.o
                0x08009244                HAL_CAN_ErrorCallback
 .text.__NVIC_SetPriorityGrouping
                0x08009258       0x48 ./Drivers/STM32F4xx_HAL_Driver/Src/stm32f4xx_hal_cortex.o
 .text.__NVIC_GetPriorityGrouping
                0x080092a0       0x1c ./Drivers/STM32F4xx_HAL_Driver/Src/stm32f4xx_hal_cortex.o
 .text.__NVIC_EnableIRQ
                0x080092bc       0x3c ./Drivers/STM32F4xx_HAL_Driver/Src/stm32f4xx_hal_cortex.o
 .text.__NVIC_SetPriority
                0x080092f8       0x54 ./Drivers/STM32F4xx_HAL_Driver/Src/stm32f4xx_hal_cortex.o
 .text.NVIC_EncodePriority
                0x0800934c       0x66 ./Drivers/STM32F4xx_HAL_Driver/Src/stm32f4xx_hal_cortex.o
 *fill*         0x080093b2        0x2 
 .text.__NVIC_SystemReset
                0x080093b4       0x2c ./Drivers/STM32F4xx_HAL_Driver/Src/stm32f4xx_hal_cortex.o
 .text.SysTick_Config
                0x080093e0       0x44 ./Drivers/STM32F4xx_HAL_Driver/Src/stm32f4xx_hal_cortex.o
 .text.HAL_NVIC_SetPriorityGrouping
                0x08009424       0x16 ./Drivers/STM32F4xx_HAL_Driver/Src/stm32f4xx_hal_cortex.o
                0x08009424                HAL_NVIC_SetPriorityGrouping
 .text.HAL_NVIC_SetPriority
                0x0800943a       0x38 ./Drivers/STM32F4xx_HAL_Driver/Src/stm32f4xx_hal_cortex.o
                0x0800943a                HAL_NVIC_SetPriority
 .text.HAL_NVIC_EnableIRQ
                0x08009472       0x1c ./Drivers/STM32F4xx_HAL_Driver/Src/stm32f4xx_hal_cortex.o
                0x08009472                HAL_NVIC_EnableIRQ
 .text.HAL_NVIC_SystemReset
                0x0800948e        0x8 ./Drivers/STM32F4xx_HAL_Driver/Src/stm32f4xx_hal_cortex.o
                0x0800948e                HAL_NVIC_SystemReset
 .text.HAL_SYSTICK_Config
                0x08009496       0x18 ./Drivers/STM32F4xx_HAL_Driver/Src/stm32f4xx_hal_cortex.o
                0x08009496                HAL_SYSTICK_Config
 *fill*         0x080094ae        0x2 
 .text.HAL_GPIO_Init
                0x080094b0      0x338 ./Drivers/STM32F4xx_HAL_Driver/Src/stm32f4xx_hal_gpio.o
                0x080094b0                HAL_GPIO_Init
 .text.HAL_GPIO_WritePin
                0x080097e8       0x32 ./Drivers/STM32F4xx_HAL_Driver/Src/stm32f4xx_hal_gpio.o
                0x080097e8                HAL_GPIO_WritePin
 *fill*         0x0800981a        0x2 
 .text.HAL_I2C_Init
                0x0800981c      0x288 ./Drivers/STM32F4xx_HAL_Driver/Src/stm32f4xx_hal_i2c.o
                0x0800981c                HAL_I2C_Init
 .text.HAL_RCC_OscConfig
                0x08009aa4      0x4f0 ./Drivers/STM32F4xx_HAL_Driver/Src/stm32f4xx_hal_rcc.o
                0x08009aa4                HAL_RCC_OscConfig
 .text.HAL_RCC_ClockConfig
                0x08009f94      0x1cc ./Drivers/STM32F4xx_HAL_Driver/Src/stm32f4xx_hal_rcc.o
                0x08009f94                HAL_RCC_ClockConfig
 .text.HAL_RCC_GetSysClockFreq
                0x0800a160      0x20c ./Drivers/STM32F4xx_HAL_Driver/Src/stm32f4xx_hal_rcc.o
                0x0800a160                HAL_RCC_GetSysClockFreq
 .text.HAL_RCC_GetHCLKFreq
                0x0800a36c       0x18 ./Drivers/STM32F4xx_HAL_Driver/Src/stm32f4xx_hal_rcc.o
                0x0800a36c                HAL_RCC_GetHCLKFreq
 .text.HAL_RCC_GetPCLK1Freq
                0x0800a384       0x28 ./Drivers/STM32F4xx_HAL_Driver/Src/stm32f4xx_hal_rcc.o
                0x0800a384                HAL_RCC_GetPCLK1Freq
 .text.HAL_SPI_Init
                0x0800a3ac      0x112 ./Drivers/STM32F4xx_HAL_Driver/Src/stm32f4xx_hal_spi.o
                0x0800a3ac                HAL_SPI_Init
 .text.HAL_TIM_Base_Init
                0x0800a4be       0x9e ./Drivers/STM32F4xx_HAL_Driver/Src/stm32f4xx_hal_tim.o
                0x0800a4be                HAL_TIM_Base_Init
 .text.HAL_TIM_Base_Start_IT
                0x0800a55c       0xe0 ./Drivers/STM32F4xx_HAL_Driver/Src/stm32f4xx_hal_tim.o
                0x0800a55c                HAL_TIM_Base_Start_IT
 .text.HAL_TIM_Base_Stop_IT
                0x0800a63c       0x5e ./Drivers/STM32F4xx_HAL_Driver/Src/stm32f4xx_hal_tim.o
                0x0800a63c                HAL_TIM_Base_Stop_IT
 .text.HAL_TIM_IRQHandler
                0x0800a69a      0x210 ./Drivers/STM32F4xx_HAL_Driver/Src/stm32f4xx_hal_tim.o
                0x0800a69a                HAL_TIM_IRQHandler
 .text.HAL_TIM_OC_DelayElapsedCallback
                0x0800a8aa       0x14 ./Drivers/STM32F4xx_HAL_Driver/Src/stm32f4xx_hal_tim.o
                0x0800a8aa                HAL_TIM_OC_DelayElapsedCallback
 .text.HAL_TIM_IC_CaptureCallback
                0x0800a8be       0x14 ./Drivers/STM32F4xx_HAL_Driver/Src/stm32f4xx_hal_tim.o
                0x0800a8be                HAL_TIM_IC_CaptureCallback
 .text.HAL_TIM_PWM_PulseFinishedCallback
                0x0800a8d2       0x14 ./Drivers/STM32F4xx_HAL_Driver/Src/stm32f4xx_hal_tim.o
                0x0800a8d2                HAL_TIM_PWM_PulseFinishedCallback
 .text.HAL_TIM_TriggerCallback
                0x0800a8e6       0x14 ./Drivers/STM32F4xx_HAL_Driver/Src/stm32f4xx_hal_tim.o
                0x0800a8e6                HAL_TIM_TriggerCallback
 *fill*         0x0800a8fa        0x2 
 .text.TIM_Base_SetConfig
                0x0800a8fc      0x140 ./Drivers/STM32F4xx_HAL_Driver/Src/stm32f4xx_hal_tim.o
                0x0800a8fc                TIM_Base_SetConfig
 .text.HAL_TIMEx_CommutCallback
                0x0800aa3c       0x14 ./Drivers/STM32F4xx_HAL_Driver/Src/stm32f4xx_hal_tim_ex.o
                0x0800aa3c                HAL_TIMEx_CommutCallback
 .text.HAL_TIMEx_BreakCallback
                0x0800aa50       0x14 ./Drivers/STM32F4xx_HAL_Driver/Src/stm32f4xx_hal_tim_ex.o
                0x0800aa50                HAL_TIMEx_BreakCallback
 .text.calloc   0x0800aa64       0x10 /home/mihneadorcu/st/stm32cubeide_1.16.1_3/plugins/com.st.stm32cube.ide.mcu.externaltools.gnu-tools-for-stm32.12.3.rel1.linux64_1.0.200.202406132123/tools/bin/../lib/gcc/arm-none-eabi/12.3.1/../../../../arm-none-eabi/lib/thumb/v7e-m+fp/hard/libc_nano.a(libc_a-calloc.o)
                0x0800aa64                calloc
 .text._calloc_r
                0x0800aa74       0x28 /home/mihneadorcu/st/stm32cubeide_1.16.1_3/plugins/com.st.stm32cube.ide.mcu.externaltools.gnu-tools-for-stm32.12.3.rel1.linux64_1.0.200.202406132123/tools/bin/../lib/gcc/arm-none-eabi/12.3.1/../../../../arm-none-eabi/lib/thumb/v7e-m+fp/hard/libc_nano.a(libc_a-callocr.o)
                0x0800aa74                _calloc_r
 .text.free     0x0800aa9c       0x10 /home/mihneadorcu/st/stm32cubeide_1.16.1_3/plugins/com.st.stm32cube.ide.mcu.externaltools.gnu-tools-for-stm32.12.3.rel1.linux64_1.0.200.202406132123/tools/bin/../lib/gcc/arm-none-eabi/12.3.1/../../../../arm-none-eabi/lib/thumb/v7e-m+fp/hard/libc_nano.a(libc_a-malloc.o)
                0x0800aa9c                free
 .text.sbrk_aligned
                0x0800aaac       0x44 /home/mihneadorcu/st/stm32cubeide_1.16.1_3/plugins/com.st.stm32cube.ide.mcu.externaltools.gnu-tools-for-stm32.12.3.rel1.linux64_1.0.200.202406132123/tools/bin/../lib/gcc/arm-none-eabi/12.3.1/../../../../arm-none-eabi/lib/thumb/v7e-m+fp/hard/libc_nano.a(libc_a-mallocr.o)
 .text._malloc_r
                0x0800aaf0      0x100 /home/mihneadorcu/st/stm32cubeide_1.16.1_3/plugins/com.st.stm32cube.ide.mcu.externaltools.gnu-tools-for-stm32.12.3.rel1.linux64_1.0.200.202406132123/tools/bin/../lib/gcc/arm-none-eabi/12.3.1/../../../../arm-none-eabi/lib/thumb/v7e-m+fp/hard/libc_nano.a(libc_a-mallocr.o)
                0x0800aaf0                _malloc_r
 .text.__malloc_lock
                0x0800abf0        0xc /home/mihneadorcu/st/stm32cubeide_1.16.1_3/plugins/com.st.stm32cube.ide.mcu.externaltools.gnu-tools-for-stm32.12.3.rel1.linux64_1.0.200.202406132123/tools/bin/../lib/gcc/arm-none-eabi/12.3.1/../../../../arm-none-eabi/lib/thumb/v7e-m+fp/hard/libc_nano.a(libc_a-mlock.o)
                0x0800abf0                __malloc_lock
 .text.__malloc_unlock
                0x0800abfc        0xc /home/mihneadorcu/st/stm32cubeide_1.16.1_3/plugins/com.st.stm32cube.ide.mcu.externaltools.gnu-tools-for-stm32.12.3.rel1.linux64_1.0.200.202406132123/tools/bin/../lib/gcc/arm-none-eabi/12.3.1/../../../../arm-none-eabi/lib/thumb/v7e-m+fp/hard/libc_nano.a(libc_a-mlock.o)
                0x0800abfc                __malloc_unlock
 .text.__sflush_r
                0x0800ac08      0x108 /home/mihneadorcu/st/stm32cubeide_1.16.1_3/plugins/com.st.stm32cube.ide.mcu.externaltools.gnu-tools-for-stm32.12.3.rel1.linux64_1.0.200.202406132123/tools/bin/../lib/gcc/arm-none-eabi/12.3.1/../../../../arm-none-eabi/lib/thumb/v7e-m+fp/hard/libc_nano.a(libc_a-fflush.o)
                0x0800ac08                __sflush_r
 .text._fflush_r
                0x0800ad10       0x50 /home/mihneadorcu/st/stm32cubeide_1.16.1_3/plugins/com.st.stm32cube.ide.mcu.externaltools.gnu-tools-for-stm32.12.3.rel1.linux64_1.0.200.202406132123/tools/bin/../lib/gcc/arm-none-eabi/12.3.1/../../../../arm-none-eabi/lib/thumb/v7e-m+fp/hard/libc_nano.a(libc_a-fflush.o)
                0x0800ad10                _fflush_r
 .text.fflush   0x0800ad60       0x28 /home/mihneadorcu/st/stm32cubeide_1.16.1_3/plugins/com.st.stm32cube.ide.mcu.externaltools.gnu-tools-for-stm32.12.3.rel1.linux64_1.0.200.202406132123/tools/bin/../lib/gcc/arm-none-eabi/12.3.1/../../../../arm-none-eabi/lib/thumb/v7e-m+fp/hard/libc_nano.a(libc_a-fflush.o)
                0x0800ad60                fflush
 .text.std      0x0800ad88       0x6c /home/mihneadorcu/st/stm32cubeide_1.16.1_3/plugins/com.st.stm32cube.ide.mcu.externaltools.gnu-tools-for-stm32.12.3.rel1.linux64_1.0.200.202406132123/tools/bin/../lib/gcc/arm-none-eabi/12.3.1/../../../../arm-none-eabi/lib/thumb/v7e-m+fp/hard/libc_nano.a(libc_a-findfp.o)
 .text.stdio_exit_handler
                0x0800adf4       0x18 /home/mihneadorcu/st/stm32cubeide_1.16.1_3/plugins/com.st.stm32cube.ide.mcu.externaltools.gnu-tools-for-stm32.12.3.rel1.linux64_1.0.200.202406132123/tools/bin/../lib/gcc/arm-none-eabi/12.3.1/../../../../arm-none-eabi/lib/thumb/v7e-m+fp/hard/libc_nano.a(libc_a-findfp.o)
 .text.cleanup_stdio
                0x0800ae0c       0x40 /home/mihneadorcu/st/stm32cubeide_1.16.1_3/plugins/com.st.stm32cube.ide.mcu.externaltools.gnu-tools-for-stm32.12.3.rel1.linux64_1.0.200.202406132123/tools/bin/../lib/gcc/arm-none-eabi/12.3.1/../../../../arm-none-eabi/lib/thumb/v7e-m+fp/hard/libc_nano.a(libc_a-findfp.o)
 .text.global_stdio_init.part.0
                0x0800ae4c       0x3c /home/mihneadorcu/st/stm32cubeide_1.16.1_3/plugins/com.st.stm32cube.ide.mcu.externaltools.gnu-tools-for-stm32.12.3.rel1.linux64_1.0.200.202406132123/tools/bin/../lib/gcc/arm-none-eabi/12.3.1/../../../../arm-none-eabi/lib/thumb/v7e-m+fp/hard/libc_nano.a(libc_a-findfp.o)
 .text.__sfp_lock_acquire
                0x0800ae88        0xc /home/mihneadorcu/st/stm32cubeide_1.16.1_3/plugins/com.st.stm32cube.ide.mcu.externaltools.gnu-tools-for-stm32.12.3.rel1.linux64_1.0.200.202406132123/tools/bin/../lib/gcc/arm-none-eabi/12.3.1/../../../../arm-none-eabi/lib/thumb/v7e-m+fp/hard/libc_nano.a(libc_a-findfp.o)
                0x0800ae88                __sfp_lock_acquire
 .text.__sfp_lock_release
                0x0800ae94        0xc /home/mihneadorcu/st/stm32cubeide_1.16.1_3/plugins/com.st.stm32cube.ide.mcu.externaltools.gnu-tools-for-stm32.12.3.rel1.linux64_1.0.200.202406132123/tools/bin/../lib/gcc/arm-none-eabi/12.3.1/../../../../arm-none-eabi/lib/thumb/v7e-m+fp/hard/libc_nano.a(libc_a-findfp.o)
                0x0800ae94                __sfp_lock_release
 .text.__sinit  0x0800aea0       0x30 /home/mihneadorcu/st/stm32cubeide_1.16.1_3/plugins/com.st.stm32cube.ide.mcu.externaltools.gnu-tools-for-stm32.12.3.rel1.linux64_1.0.200.202406132123/tools/bin/../lib/gcc/arm-none-eabi/12.3.1/../../../../arm-none-eabi/lib/thumb/v7e-m+fp/hard/libc_nano.a(libc_a-findfp.o)
                0x0800aea0                __sinit
 .text._fwalk_sglue
                0x0800aed0       0x3c /home/mihneadorcu/st/stm32cubeide_1.16.1_3/plugins/com.st.stm32cube.ide.mcu.externaltools.gnu-tools-for-stm32.12.3.rel1.linux64_1.0.200.202406132123/tools/bin/../lib/gcc/arm-none-eabi/12.3.1/../../../../arm-none-eabi/lib/thumb/v7e-m+fp/hard/libc_nano.a(libc_a-fwalk.o)
                0x0800aed0                _fwalk_sglue
 .text.printf   0x0800af0c       0x24 /home/mihneadorcu/st/stm32cubeide_1.16.1_3/plugins/com.st.stm32cube.ide.mcu.externaltools.gnu-tools-for-stm32.12.3.rel1.linux64_1.0.200.202406132123/tools/bin/../lib/gcc/arm-none-eabi/12.3.1/../../../../arm-none-eabi/lib/thumb/v7e-m+fp/hard/libc_nano.a(libc_a-printf.o)
                0x0800af0c                printf
                0x0800af0c                iprintf
 .text._puts_r  0x0800af30       0xaa /home/mihneadorcu/st/stm32cubeide_1.16.1_3/plugins/com.st.stm32cube.ide.mcu.externaltools.gnu-tools-for-stm32.12.3.rel1.linux64_1.0.200.202406132123/tools/bin/../lib/gcc/arm-none-eabi/12.3.1/../../../../arm-none-eabi/lib/thumb/v7e-m+fp/hard/libc_nano.a(libc_a-puts.o)
                0x0800af30                _puts_r
 *fill*         0x0800afda        0x2 
 .text.puts     0x0800afdc       0x10 /home/mihneadorcu/st/stm32cubeide_1.16.1_3/plugins/com.st.stm32cube.ide.mcu.externaltools.gnu-tools-for-stm32.12.3.rel1.linux64_1.0.200.202406132123/tools/bin/../lib/gcc/arm-none-eabi/12.3.1/../../../../arm-none-eabi/lib/thumb/v7e-m+fp/hard/libc_nano.a(libc_a-puts.o)
                0x0800afdc                puts
 .text.__sread  0x0800afec       0x22 /home/mihneadorcu/st/stm32cubeide_1.16.1_3/plugins/com.st.stm32cube.ide.mcu.externaltools.gnu-tools-for-stm32.12.3.rel1.linux64_1.0.200.202406132123/tools/bin/../lib/gcc/arm-none-eabi/12.3.1/../../../../arm-none-eabi/lib/thumb/v7e-m+fp/hard/libc_nano.a(libc_a-stdio.o)
                0x0800afec                __sread
 .text.__swrite
                0x0800b00e       0x38 /home/mihneadorcu/st/stm32cubeide_1.16.1_3/plugins/com.st.stm32cube.ide.mcu.externaltools.gnu-tools-for-stm32.12.3.rel1.linux64_1.0.200.202406132123/tools/bin/../lib/gcc/arm-none-eabi/12.3.1/../../../../arm-none-eabi/lib/thumb/v7e-m+fp/hard/libc_nano.a(libc_a-stdio.o)
                0x0800b00e                __swrite
 .text.__sseek  0x0800b046       0x24 /home/mihneadorcu/st/stm32cubeide_1.16.1_3/plugins/com.st.stm32cube.ide.mcu.externaltools.gnu-tools-for-stm32.12.3.rel1.linux64_1.0.200.202406132123/tools/bin/../lib/gcc/arm-none-eabi/12.3.1/../../../../arm-none-eabi/lib/thumb/v7e-m+fp/hard/libc_nano.a(libc_a-stdio.o)
                0x0800b046                __sseek
 .text.__sclose
                0x0800b06a        0x8 /home/mihneadorcu/st/stm32cubeide_1.16.1_3/plugins/com.st.stm32cube.ide.mcu.externaltools.gnu-tools-for-stm32.12.3.rel1.linux64_1.0.200.202406132123/tools/bin/../lib/gcc/arm-none-eabi/12.3.1/../../../../arm-none-eabi/lib/thumb/v7e-m+fp/hard/libc_nano.a(libc_a-stdio.o)
                0x0800b06a                __sclose
 .text.__swbuf_r
                0x0800b072       0x7c /home/mihneadorcu/st/stm32cubeide_1.16.1_3/plugins/com.st.stm32cube.ide.mcu.externaltools.gnu-tools-for-stm32.12.3.rel1.linux64_1.0.200.202406132123/tools/bin/../lib/gcc/arm-none-eabi/12.3.1/../../../../arm-none-eabi/lib/thumb/v7e-m+fp/hard/libc_nano.a(libc_a-wbuf.o)
                0x0800b072                __swbuf_r
 *fill*         0x0800b0ee        0x2 
 .text.__swsetup_r
                0x0800b0f0       0xac /home/mihneadorcu/st/stm32cubeide_1.16.1_3/plugins/com.st.stm32cube.ide.mcu.externaltools.gnu-tools-for-stm32.12.3.rel1.linux64_1.0.200.202406132123/tools/bin/../lib/gcc/arm-none-eabi/12.3.1/../../../../arm-none-eabi/lib/thumb/v7e-m+fp/hard/libc_nano.a(libc_a-wsetup.o)
                0x0800b0f0                __swsetup_r
 .text.memmove  0x0800b19c       0x34 /home/mihneadorcu/st/stm32cubeide_1.16.1_3/plugins/com.st.stm32cube.ide.mcu.externaltools.gnu-tools-for-stm32.12.3.rel1.linux64_1.0.200.202406132123/tools/bin/../lib/gcc/arm-none-eabi/12.3.1/../../../../arm-none-eabi/lib/thumb/v7e-m+fp/hard/libc_nano.a(libc_a-memmove.o)
                0x0800b19c                memmove
 .text.memset   0x0800b1d0       0x10 /home/mihneadorcu/st/stm32cubeide_1.16.1_3/plugins/com.st.stm32cube.ide.mcu.externaltools.gnu-tools-for-stm32.12.3.rel1.linux64_1.0.200.202406132123/tools/bin/../lib/gcc/arm-none-eabi/12.3.1/../../../../arm-none-eabi/lib/thumb/v7e-m+fp/hard/libc_nano.a(libc_a-memset.o)
                0x0800b1d0                memset
 .text._close_r
                0x0800b1e0       0x20 /home/mihneadorcu/st/stm32cubeide_1.16.1_3/plugins/com.st.stm32cube.ide.mcu.externaltools.gnu-tools-for-stm32.12.3.rel1.linux64_1.0.200.202406132123/tools/bin/../lib/gcc/arm-none-eabi/12.3.1/../../../../arm-none-eabi/lib/thumb/v7e-m+fp/hard/libc_nano.a(libc_a-closer.o)
                0x0800b1e0                _close_r
 .text._lseek_r
                0x0800b200       0x24 /home/mihneadorcu/st/stm32cubeide_1.16.1_3/plugins/com.st.stm32cube.ide.mcu.externaltools.gnu-tools-for-stm32.12.3.rel1.linux64_1.0.200.202406132123/tools/bin/../lib/gcc/arm-none-eabi/12.3.1/../../../../arm-none-eabi/lib/thumb/v7e-m+fp/hard/libc_nano.a(libc_a-lseekr.o)
                0x0800b200                _lseek_r
 .text._read_r  0x0800b224       0x24 /home/mihneadorcu/st/stm32cubeide_1.16.1_3/plugins/com.st.stm32cube.ide.mcu.externaltools.gnu-tools-for-stm32.12.3.rel1.linux64_1.0.200.202406132123/tools/bin/../lib/gcc/arm-none-eabi/12.3.1/../../../../arm-none-eabi/lib/thumb/v7e-m+fp/hard/libc_nano.a(libc_a-readr.o)
                0x0800b224                _read_r
 .text._sbrk_r  0x0800b248       0x20 /home/mihneadorcu/st/stm32cubeide_1.16.1_3/plugins/com.st.stm32cube.ide.mcu.externaltools.gnu-tools-for-stm32.12.3.rel1.linux64_1.0.200.202406132123/tools/bin/../lib/gcc/arm-none-eabi/12.3.1/../../../../arm-none-eabi/lib/thumb/v7e-m+fp/hard/libc_nano.a(libc_a-sbrkr.o)
                0x0800b248                _sbrk_r
 .text._write_r
                0x0800b268       0x24 /home/mihneadorcu/st/stm32cubeide_1.16.1_3/plugins/com.st.stm32cube.ide.mcu.externaltools.gnu-tools-for-stm32.12.3.rel1.linux64_1.0.200.202406132123/tools/bin/../lib/gcc/arm-none-eabi/12.3.1/../../../../arm-none-eabi/lib/thumb/v7e-m+fp/hard/libc_nano.a(libc_a-writer.o)
                0x0800b268                _write_r
 .text.__errno  0x0800b28c        0xc /home/mihneadorcu/st/stm32cubeide_1.16.1_3/plugins/com.st.stm32cube.ide.mcu.externaltools.gnu-tools-for-stm32.12.3.rel1.linux64_1.0.200.202406132123/tools/bin/../lib/gcc/arm-none-eabi/12.3.1/../../../../arm-none-eabi/lib/thumb/v7e-m+fp/hard/libc_nano.a(libc_a-errno.o)
                0x0800b28c                __errno
 .text.__libc_init_array
                0x0800b298       0x48 /home/mihneadorcu/st/stm32cubeide_1.16.1_3/plugins/com.st.stm32cube.ide.mcu.externaltools.gnu-tools-for-stm32.12.3.rel1.linux64_1.0.200.202406132123/tools/bin/../lib/gcc/arm-none-eabi/12.3.1/../../../../arm-none-eabi/lib/thumb/v7e-m+fp/hard/libc_nano.a(libc_a-init.o)
                0x0800b298                __libc_init_array
 .text.__retarget_lock_init_recursive
                0x0800b2e0        0x2 /home/mihneadorcu/st/stm32cubeide_1.16.1_3/plugins/com.st.stm32cube.ide.mcu.externaltools.gnu-tools-for-stm32.12.3.rel1.linux64_1.0.200.202406132123/tools/bin/../lib/gcc/arm-none-eabi/12.3.1/../../../../arm-none-eabi/lib/thumb/v7e-m+fp/hard/libc_nano.a(libc_a-lock.o)
                0x0800b2e0                __retarget_lock_init_recursive
 .text.__retarget_lock_acquire_recursive
                0x0800b2e2        0x2 /home/mihneadorcu/st/stm32cubeide_1.16.1_3/plugins/com.st.stm32cube.ide.mcu.externaltools.gnu-tools-for-stm32.12.3.rel1.linux64_1.0.200.202406132123/tools/bin/../lib/gcc/arm-none-eabi/12.3.1/../../../../arm-none-eabi/lib/thumb/v7e-m+fp/hard/libc_nano.a(libc_a-lock.o)
                0x0800b2e2                __retarget_lock_acquire_recursive
 .text.__retarget_lock_release_recursive
                0x0800b2e4        0x2 /home/mihneadorcu/st/stm32cubeide_1.16.1_3/plugins/com.st.stm32cube.ide.mcu.externaltools.gnu-tools-for-stm32.12.3.rel1.linux64_1.0.200.202406132123/tools/bin/../lib/gcc/arm-none-eabi/12.3.1/../../../../arm-none-eabi/lib/thumb/v7e-m+fp/hard/libc_nano.a(libc_a-lock.o)
                0x0800b2e4                __retarget_lock_release_recursive
 .text.memcpy   0x0800b2e6       0x1c /home/mihneadorcu/st/stm32cubeide_1.16.1_3/plugins/com.st.stm32cube.ide.mcu.externaltools.gnu-tools-for-stm32.12.3.rel1.linux64_1.0.200.202406132123/tools/bin/../lib/gcc/arm-none-eabi/12.3.1/../../../../arm-none-eabi/lib/thumb/v7e-m+fp/hard/libc_nano.a(libc_a-memcpy-stub.o)
                0x0800b2e6                memcpy
 *fill*         0x0800b302        0x2 
 .text._free_r  0x0800b304       0x94 /home/mihneadorcu/st/stm32cubeide_1.16.1_3/plugins/com.st.stm32cube.ide.mcu.externaltools.gnu-tools-for-stm32.12.3.rel1.linux64_1.0.200.202406132123/tools/bin/../lib/gcc/arm-none-eabi/12.3.1/../../../../arm-none-eabi/lib/thumb/v7e-m+fp/hard/libc_nano.a(libc_a-freer.o)
                0x0800b304                _free_r
 .text.__sfputc_r
                0x0800b398       0x2e /home/mihneadorcu/st/stm32cubeide_1.16.1_3/plugins/com.st.stm32cube.ide.mcu.externaltools.gnu-tools-for-stm32.12.3.rel1.linux64_1.0.200.202406132123/tools/bin/../lib/gcc/arm-none-eabi/12.3.1/../../../../arm-none-eabi/lib/thumb/v7e-m+fp/hard/libc_nano.a(libc_a-nano-vfprintf.o)
 .text.__sfputs_r
                0x0800b3c6       0x24 /home/mihneadorcu/st/stm32cubeide_1.16.1_3/plugins/com.st.stm32cube.ide.mcu.externaltools.gnu-tools-for-stm32.12.3.rel1.linux64_1.0.200.202406132123/tools/bin/../lib/gcc/arm-none-eabi/12.3.1/../../../../arm-none-eabi/lib/thumb/v7e-m+fp/hard/libc_nano.a(libc_a-nano-vfprintf.o)
                0x0800b3c6                __sfputs_r
 *fill*         0x0800b3ea        0x2 
 .text._vfprintf_r
                0x0800b3ec      0x230 /home/mihneadorcu/st/stm32cubeide_1.16.1_3/plugins/com.st.stm32cube.ide.mcu.externaltools.gnu-tools-for-stm32.12.3.rel1.linux64_1.0.200.202406132123/tools/bin/../lib/gcc/arm-none-eabi/12.3.1/../../../../arm-none-eabi/lib/thumb/v7e-m+fp/hard/libc_nano.a(libc_a-nano-vfprintf.o)
                0x0800b3ec                _vfiprintf_r
                0x0800b3ec                _vfprintf_r
 .text._printf_common
                0x0800b61c       0xda /home/mihneadorcu/st/stm32cubeide_1.16.1_3/plugins/com.st.stm32cube.ide.mcu.externaltools.gnu-tools-for-stm32.12.3.rel1.linux64_1.0.200.202406132123/tools/bin/../lib/gcc/arm-none-eabi/12.3.1/../../../../arm-none-eabi/lib/thumb/v7e-m+fp/hard/libc_nano.a(libc_a-nano-vfprintf_i.o)
                0x0800b61c                _printf_common
 *fill*         0x0800b6f6        0x2 
 .text._printf_i
                0x0800b6f8      0x240 /home/mihneadorcu/st/stm32cubeide_1.16.1_3/plugins/com.st.stm32cube.ide.mcu.externaltools.gnu-tools-for-stm32.12.3.rel1.linux64_1.0.200.202406132123/tools/bin/../lib/gcc/arm-none-eabi/12.3.1/../../../../arm-none-eabi/lib/thumb/v7e-m+fp/hard/libc_nano.a(libc_a-nano-vfprintf_i.o)
                0x0800b6f8                _printf_i
 .text.__swhatbuf_r
                0x0800b938       0x4c /home/mihneadorcu/st/stm32cubeide_1.16.1_3/plugins/com.st.stm32cube.ide.mcu.externaltools.gnu-tools-for-stm32.12.3.rel1.linux64_1.0.200.202406132123/tools/bin/../lib/gcc/arm-none-eabi/12.3.1/../../../../arm-none-eabi/lib/thumb/v7e-m+fp/hard/libc_nano.a(libc_a-makebuf.o)
                0x0800b938                __swhatbuf_r
 .text.__smakebuf_r
                0x0800b984       0x78 /home/mihneadorcu/st/stm32cubeide_1.16.1_3/plugins/com.st.stm32cube.ide.mcu.externaltools.gnu-tools-for-stm32.12.3.rel1.linux64_1.0.200.202406132123/tools/bin/../lib/gcc/arm-none-eabi/12.3.1/../../../../arm-none-eabi/lib/thumb/v7e-m+fp/hard/libc_nano.a(libc_a-makebuf.o)
                0x0800b984                __smakebuf_r
 .text._fstat_r
                0x0800b9fc       0x24 /home/mihneadorcu/st/stm32cubeide_1.16.1_3/plugins/com.st.stm32cube.ide.mcu.externaltools.gnu-tools-for-stm32.12.3.rel1.linux64_1.0.200.202406132123/tools/bin/../lib/gcc/arm-none-eabi/12.3.1/../../../../arm-none-eabi/lib/thumb/v7e-m+fp/hard/libc_nano.a(libc_a-fstatr.o)
                0x0800b9fc                _fstat_r
 .text._isatty_r
                0x0800ba20       0x20 /home/mihneadorcu/st/stm32cubeide_1.16.1_3/plugins/com.st.stm32cube.ide.mcu.externaltools.gnu-tools-for-stm32.12.3.rel1.linux64_1.0.200.202406132123/tools/bin/../lib/gcc/arm-none-eabi/12.3.1/../../../../arm-none-eabi/lib/thumb/v7e-m+fp/hard/libc_nano.a(libc_a-isattyr.o)
                0x0800ba20                _isatty_r
 *(.glue_7)
 .glue_7        0x0800ba40        0x0 linker stubs
 *(.glue_7t)
 .glue_7t       0x0800ba40        0x0 linker stubs
 *(.eh_frame)
 .eh_frame      0x0800ba40        0x0 /home/mihneadorcu/st/stm32cubeide_1.16.1_3/plugins/com.st.stm32cube.ide.mcu.externaltools.gnu-tools-for-stm32.12.3.rel1.linux64_1.0.200.202406132123/tools/bin/../lib/gcc/arm-none-eabi/12.3.1/thumb/v7e-m+fp/hard/crtbegin.o
 *(.init)
 .init          0x0800ba40        0x4 /home/mihneadorcu/st/stm32cubeide_1.16.1_3/plugins/com.st.stm32cube.ide.mcu.externaltools.gnu-tools-for-stm32.12.3.rel1.linux64_1.0.200.202406132123/tools/bin/../lib/gcc/arm-none-eabi/12.3.1/thumb/v7e-m+fp/hard/crti.o
                0x0800ba40                _init
 .init          0x0800ba44        0x8 /home/mihneadorcu/st/stm32cubeide_1.16.1_3/plugins/com.st.stm32cube.ide.mcu.externaltools.gnu-tools-for-stm32.12.3.rel1.linux64_1.0.200.202406132123/tools/bin/../lib/gcc/arm-none-eabi/12.3.1/thumb/v7e-m+fp/hard/crtn.o
 *(.fini)
 .fini          0x0800ba4c        0x4 /home/mihneadorcu/st/stm32cubeide_1.16.1_3/plugins/com.st.stm32cube.ide.mcu.externaltools.gnu-tools-for-stm32.12.3.rel1.linux64_1.0.200.202406132123/tools/bin/../lib/gcc/arm-none-eabi/12.3.1/thumb/v7e-m+fp/hard/crti.o
                0x0800ba4c                _fini
 .fini          0x0800ba50        0x8 /home/mihneadorcu/st/stm32cubeide_1.16.1_3/plugins/com.st.stm32cube.ide.mcu.externaltools.gnu-tools-for-stm32.12.3.rel1.linux64_1.0.200.202406132123/tools/bin/../lib/gcc/arm-none-eabi/12.3.1/thumb/v7e-m+fp/hard/crtn.o
                0x0800ba58                        . = ALIGN (0x4)
                0x0800ba58                        _etext = .

.vfp11_veneer   0x0800ba58        0x0
 .vfp11_veneer  0x0800ba58        0x0 linker stubs

.v4_bx          0x0800ba58        0x0
 .v4_bx         0x0800ba58        0x0 linker stubs

.iplt           0x0800ba58        0x0
 .iplt          0x0800ba58        0x0 /home/mihneadorcu/st/stm32cubeide_1.16.1_3/plugins/com.st.stm32cube.ide.mcu.externaltools.gnu-tools-for-stm32.12.3.rel1.linux64_1.0.200.202406132123/tools/bin/../lib/gcc/arm-none-eabi/12.3.1/thumb/v7e-m+fp/hard/crtbegin.o

.rodata         0x0800ba58      0x8ec
                0x0800ba58                        . = ALIGN (0x4)
 *(.rodata)
 .rodata        0x0800ba58      0x1c5 ./CANopenNode_STM32/CO_app_STM32.o
 *(.rodata*)
 *fill*         0x0800bc1d        0x3 
 .rodata.abortCodes.0
                0x0800bc20       0x68 ./CANopenNode/301/CO_ODinterface.o
 .rodata.CO_LSS_bitTimingTableLookup
                0x0800bc88       0x14 ./CANopenNode/305/CO_LSSslave.o
 .rodata.ODObjs
                0x0800bc9c      0x65c ./CANopenNode_STM32/OD.o
 .rodata.AHBPrescTable
                0x0800c2f8       0x10 ./Core/Src/system_stm32f4xx.o
                0x0800c2f8                AHBPrescTable
 .rodata.APBPrescTable
                0x0800c308        0x8 ./Core/Src/system_stm32f4xx.o
                0x0800c308                APBPrescTable
 .rodata._vfprintf_r.str1.1
                0x0800c310       0x11 /home/mihneadorcu/st/stm32cubeide_1.16.1_3/plugins/com.st.stm32cube.ide.mcu.externaltools.gnu-tools-for-stm32.12.3.rel1.linux64_1.0.200.202406132123/tools/bin/../lib/gcc/arm-none-eabi/12.3.1/../../../../arm-none-eabi/lib/thumb/v7e-m+fp/hard/libc_nano.a(libc_a-nano-vfprintf.o)
 .rodata._printf_i.str1.1
                0x0800c321       0x22 /home/mihneadorcu/st/stm32cubeide_1.16.1_3/plugins/com.st.stm32cube.ide.mcu.externaltools.gnu-tools-for-stm32.12.3.rel1.linux64_1.0.200.202406132123/tools/bin/../lib/gcc/arm-none-eabi/12.3.1/../../../../arm-none-eabi/lib/thumb/v7e-m+fp/hard/libc_nano.a(libc_a-nano-vfprintf_i.o)
                0x0800c344                        . = ALIGN (0x4)
 *fill*         0x0800c343        0x1 

.ARM.extab      0x0800c344        0x0
                0x0800c344                        . = ALIGN (0x4)
 *(.ARM.extab* .gnu.linkonce.armextab.*)
                0x0800c344                        . = ALIGN (0x4)

.ARM            0x0800c344        0x8
                0x0800c344                        . = ALIGN (0x4)
                0x0800c344                        __exidx_start = .
 *(.ARM.exidx*)
 .ARM.exidx     0x0800c344        0x8 /home/mihneadorcu/st/stm32cubeide_1.16.1_3/plugins/com.st.stm32cube.ide.mcu.externaltools.gnu-tools-for-stm32.12.3.rel1.linux64_1.0.200.202406132123/tools/bin/../lib/gcc/arm-none-eabi/12.3.1/../../../../arm-none-eabi/lib/thumb/v7e-m+fp/hard/libc_nano.a(libc_a-strlen.o)
 .ARM.exidx     0x0800c34c        0x0 /home/mihneadorcu/st/stm32cubeide_1.16.1_3/plugins/com.st.stm32cube.ide.mcu.externaltools.gnu-tools-for-stm32.12.3.rel1.linux64_1.0.200.202406132123/tools/bin/../lib/gcc/arm-none-eabi/12.3.1/../../../../arm-none-eabi/lib/thumb/v7e-m+fp/hard/libc_nano.a(libc_a-memchr.o)
                                  0x8 (size before relaxing)
 .ARM.exidx     0x0800c34c        0x0 /home/mihneadorcu/st/stm32cubeide_1.16.1_3/plugins/com.st.stm32cube.ide.mcu.externaltools.gnu-tools-for-stm32.12.3.rel1.linux64_1.0.200.202406132123/tools/bin/../lib/gcc/arm-none-eabi/12.3.1/thumb/v7e-m+fp/hard/libgcc.a(_udivmoddi4.o)
                                  0x8 (size before relaxing)
                0x0800c34c                        __exidx_end = .
                0x0800c34c                        . = ALIGN (0x4)

.rel.dyn        0x0800c34c        0x0
 .rel.iplt      0x0800c34c        0x0 /home/mihneadorcu/st/stm32cubeide_1.16.1_3/plugins/com.st.stm32cube.ide.mcu.externaltools.gnu-tools-for-stm32.12.3.rel1.linux64_1.0.200.202406132123/tools/bin/../lib/gcc/arm-none-eabi/12.3.1/thumb/v7e-m+fp/hard/crtbegin.o

.preinit_array  0x0800c34c        0x0
                0x0800c34c                        . = ALIGN (0x4)
                0x0800c34c                        PROVIDE (__preinit_array_start = .)
 *(.preinit_array*)
                0x0800c34c                        PROVIDE (__preinit_array_end = .)
                0x0800c34c                        . = ALIGN (0x4)

.init_array     0x0800c34c        0x4
                0x0800c34c                        . = ALIGN (0x4)
                0x0800c34c                        PROVIDE (__init_array_start = .)
 *(SORT_BY_NAME(.init_array.*))
 *(.init_array*)
 .init_array    0x0800c34c        0x4 /home/mihneadorcu/st/stm32cubeide_1.16.1_3/plugins/com.st.stm32cube.ide.mcu.externaltools.gnu-tools-for-stm32.12.3.rel1.linux64_1.0.200.202406132123/tools/bin/../lib/gcc/arm-none-eabi/12.3.1/thumb/v7e-m+fp/hard/crtbegin.o
                0x0800c350                        PROVIDE (__init_array_end = .)
                0x0800c350                        . = ALIGN (0x4)

.fini_array     0x0800c350        0x4
                0x0800c350                        . = ALIGN (0x4)
                [!provide]                        PROVIDE (__fini_array_start = .)
 *(SORT_BY_NAME(.fini_array.*))
 *(.fini_array*)
 .fini_array    0x0800c350        0x4 /home/mihneadorcu/st/stm32cubeide_1.16.1_3/plugins/com.st.stm32cube.ide.mcu.externaltools.gnu-tools-for-stm32.12.3.rel1.linux64_1.0.200.202406132123/tools/bin/../lib/gcc/arm-none-eabi/12.3.1/thumb/v7e-m+fp/hard/crtbegin.o
                [!provide]                        PROVIDE (__fini_array_end = .)
                0x0800c354                        . = ALIGN (0x4)
                0x0800c354                        _sidata = LOADADDR (.data)

.data           0x20000000      0x430 load address 0x0800c354
                0x20000000                        . = ALIGN (0x4)
                0x20000000                        _sdata = .
 *(.data)
 *(.data*)
 .data.OD_PERSIST_COMM
                0x20000000      0x1e0 ./CANopenNode_STM32/OD.o
                0x20000000                OD_PERSIST_COMM
 .data.OD_RAM   0x200001e0       0x38 ./CANopenNode_STM32/OD.o
                0x200001e0                OD_RAM
 .data.ODList   0x20000218      0x1a4 ./CANopenNode_STM32/OD.o
 .data._OD      0x200003bc        0x8 ./CANopenNode_STM32/OD.o
 .data.OD       0x200003c4        0x4 ./CANopenNode_STM32/OD.o
                0x200003c4                OD
 .data.SystemCoreClock
                0x200003c8        0x4 ./Core/Src/system_stm32f4xx.o
                0x200003c8                SystemCoreClock
 .data.uwTickPrio
                0x200003cc        0x4 ./Drivers/STM32F4xx_HAL_Driver/Src/stm32f4xx_hal.o
                0x200003cc                uwTickPrio
 .data.uwTickFreq
                0x200003d0        0x1 ./Drivers/STM32F4xx_HAL_Driver/Src/stm32f4xx_hal.o
                0x200003d0                uwTickFreq
 *fill*         0x200003d1        0x3 
 .data.__sglue  0x200003d4        0xc /home/mihneadorcu/st/stm32cubeide_1.16.1_3/plugins/com.st.stm32cube.ide.mcu.externaltools.gnu-tools-for-stm32.12.3.rel1.linux64_1.0.200.202406132123/tools/bin/../lib/gcc/arm-none-eabi/12.3.1/../../../../arm-none-eabi/lib/thumb/v7e-m+fp/hard/libc_nano.a(libc_a-findfp.o)
                0x200003d4                __sglue
 .data._impure_ptr
                0x200003e0        0x4 /home/mihneadorcu/st/stm32cubeide_1.16.1_3/plugins/com.st.stm32cube.ide.mcu.externaltools.gnu-tools-for-stm32.12.3.rel1.linux64_1.0.200.202406132123/tools/bin/../lib/gcc/arm-none-eabi/12.3.1/../../../../arm-none-eabi/lib/thumb/v7e-m+fp/hard/libc_nano.a(libc_a-impure.o)
                0x200003e0                _impure_ptr
 .data._impure_data
                0x200003e4       0x4c /home/mihneadorcu/st/stm32cubeide_1.16.1_3/plugins/com.st.stm32cube.ide.mcu.externaltools.gnu-tools-for-stm32.12.3.rel1.linux64_1.0.200.202406132123/tools/bin/../lib/gcc/arm-none-eabi/12.3.1/../../../../arm-none-eabi/lib/thumb/v7e-m+fp/hard/libc_nano.a(libc_a-impure.o)
                0x200003e4                _impure_data
 *(.RamFunc)
 *(.RamFunc*)
                0x20000430                        . = ALIGN (0x4)
                0x20000430                        _edata = .
                0x0800c784                        _siccmram = LOADADDR (.ccmram)

.igot.plt       0x20000430        0x0 load address 0x0800c784
 .igot.plt      0x20000430        0x0 /home/mihneadorcu/st/stm32cubeide_1.16.1_3/plugins/com.st.stm32cube.ide.mcu.externaltools.gnu-tools-for-stm32.12.3.rel1.linux64_1.0.200.202406132123/tools/bin/../lib/gcc/arm-none-eabi/12.3.1/thumb/v7e-m+fp/hard/crtbegin.o

.ccmram         0x10000000        0x0 load address 0x0800c784
                0x10000000                        . = ALIGN (0x4)
                0x10000000                        _sccmram = .
 *(.ccmram)
 *(.ccmram*)
                0x10000000                        . = ALIGN (0x4)
                0x10000000                        _eccmram = .
                0x10000000                        . = ALIGN (0x4)

.bss            0x20000430      0x2d8
                0x20000430                        _sbss = .
                0x20000430                        __bss_start__ = _sbss
 *(.bss)
 .bss           0x20000430       0x1c /home/mihneadorcu/st/stm32cubeide_1.16.1_3/plugins/com.st.stm32cube.ide.mcu.externaltools.gnu-tools-for-stm32.12.3.rel1.linux64_1.0.200.202406132123/tools/bin/../lib/gcc/arm-none-eabi/12.3.1/thumb/v7e-m+fp/hard/crtbegin.o
 *(.bss*)
 .bss.canopenNodeSTM32
                0x2000044c        0x4 ./CANopenNode_STM32/CO_app_STM32.o
                0x2000044c                canopenNodeSTM32
 .bss.CO        0x20000450        0x4 ./CANopenNode_STM32/CO_app_STM32.o
                0x20000450                CO
 .bss.time_old  0x20000454        0x4 ./CANopenNode_STM32/CO_app_STM32.o
                0x20000454                time_old
 .bss.time_current
                0x20000458        0x4 ./CANopenNode_STM32/CO_app_STM32.o
                0x20000458                time_current
 .bss.err       0x2000045c        0x1 ./CANopenNode_STM32/CO_app_STM32.o
                0x2000045c                err
 *fill*         0x2000045d        0x3 
 .bss.CANModule_local
                0x20000460        0x4 ./CANopenNode_STM32/CO_driver_STM32.o
 .bss.tx_hdr.1  0x20000464       0x18 ./CANopenNode_STM32/CO_driver_STM32.o
 .bss.rx_hdr.0  0x2000047c       0x1c ./CANopenNode_STM32/CO_driver_STM32.o
 .bss.hcan2     0x20000498       0x28 ./Core/Src/main.o
                0x20000498                hcan2
 .bss.hi2c1     0x200004c0       0x54 ./Core/Src/main.o
                0x200004c0                hi2c1
 .bss.hspi1     0x20000514       0x58 ./Core/Src/main.o
                0x20000514                hspi1
 .bss.htim14    0x2000056c       0x48 ./Core/Src/main.o
                0x2000056c                htim14
 .bss.__sbrk_heap_end
                0x200005b4        0x4 ./Core/Src/sysmem.o
 .bss.uwTick    0x200005b8        0x4 ./Drivers/STM32F4xx_HAL_Driver/Src/stm32f4xx_hal.o
                0x200005b8                uwTick
 .bss.__malloc_sbrk_start
                0x200005bc        0x4 /home/mihneadorcu/st/stm32cubeide_1.16.1_3/plugins/com.st.stm32cube.ide.mcu.externaltools.gnu-tools-for-stm32.12.3.rel1.linux64_1.0.200.202406132123/tools/bin/../lib/gcc/arm-none-eabi/12.3.1/../../../../arm-none-eabi/lib/thumb/v7e-m+fp/hard/libc_nano.a(libc_a-mallocr.o)
                0x200005bc                __malloc_sbrk_start
 .bss.__malloc_free_list
                0x200005c0        0x4 /home/mihneadorcu/st/stm32cubeide_1.16.1_3/plugins/com.st.stm32cube.ide.mcu.externaltools.gnu-tools-for-stm32.12.3.rel1.linux64_1.0.200.202406132123/tools/bin/../lib/gcc/arm-none-eabi/12.3.1/../../../../arm-none-eabi/lib/thumb/v7e-m+fp/hard/libc_nano.a(libc_a-mallocr.o)
                0x200005c0                __malloc_free_list
 .bss.__sf      0x200005c4      0x138 /home/mihneadorcu/st/stm32cubeide_1.16.1_3/plugins/com.st.stm32cube.ide.mcu.externaltools.gnu-tools-for-stm32.12.3.rel1.linux64_1.0.200.202406132123/tools/bin/../lib/gcc/arm-none-eabi/12.3.1/../../../../arm-none-eabi/lib/thumb/v7e-m+fp/hard/libc_nano.a(libc_a-findfp.o)
                0x200005c4                __sf
 .bss.__stdio_exit_handler
                0x200006fc        0x4 /home/mihneadorcu/st/stm32cubeide_1.16.1_3/plugins/com.st.stm32cube.ide.mcu.externaltools.gnu-tools-for-stm32.12.3.rel1.linux64_1.0.200.202406132123/tools/bin/../lib/gcc/arm-none-eabi/12.3.1/../../../../arm-none-eabi/lib/thumb/v7e-m+fp/hard/libc_nano.a(libc_a-findfp.o)
                0x200006fc                __stdio_exit_handler
 .bss.errno     0x20000700        0x4 /home/mihneadorcu/st/stm32cubeide_1.16.1_3/plugins/com.st.stm32cube.ide.mcu.externaltools.gnu-tools-for-stm32.12.3.rel1.linux64_1.0.200.202406132123/tools/bin/../lib/gcc/arm-none-eabi/12.3.1/../../../../arm-none-eabi/lib/thumb/v7e-m+fp/hard/libc_nano.a(libc_a-reent.o)
                0x20000700                errno
 .bss.__lock___malloc_recursive_mutex
                0x20000704        0x1 /home/mihneadorcu/st/stm32cubeide_1.16.1_3/plugins/com.st.stm32cube.ide.mcu.externaltools.gnu-tools-for-stm32.12.3.rel1.linux64_1.0.200.202406132123/tools/bin/../lib/gcc/arm-none-eabi/12.3.1/../../../../arm-none-eabi/lib/thumb/v7e-m+fp/hard/libc_nano.a(libc_a-lock.o)
                0x20000704                __lock___malloc_recursive_mutex
 .bss.__lock___sfp_recursive_mutex
                0x20000705        0x1 /home/mihneadorcu/st/stm32cubeide_1.16.1_3/plugins/com.st.stm32cube.ide.mcu.externaltools.gnu-tools-for-stm32.12.3.rel1.linux64_1.0.200.202406132123/tools/bin/../lib/gcc/arm-none-eabi/12.3.1/../../../../arm-none-eabi/lib/thumb/v7e-m+fp/hard/libc_nano.a(libc_a-lock.o)
                0x20000705                __lock___sfp_recursive_mutex
 *(COMMON)
                0x20000708                        . = ALIGN (0x4)
 *fill*         0x20000706        0x2 
                0x20000708                        _ebss = .
                0x20000708                        __bss_end__ = _ebss

._user_heap_stack
                0x20000708      0x600
                0x20000708                        . = ALIGN (0x8)
                [!provide]                        PROVIDE (end = .)
                0x20000708                        PROVIDE (_end = .)
                0x20000908                        . = (. + _Min_Heap_Size)
 *fill*         0x20000708      0x200 
                0x20000d08                        . = (. + _Min_Stack_Size)
 *fill*         0x20000908      0x400 
                0x20000d08                        . = ALIGN (0x8)

/DISCARD/
 libc.a(*)
 libm.a(*)
 libgcc.a(*)

.ARM.attributes
                0x00000000       0x30
 *(.ARM.attributes)
 .ARM.attributes
                0x00000000       0x22 /home/mihneadorcu/st/stm32cubeide_1.16.1_3/plugins/com.st.stm32cube.ide.mcu.externaltools.gnu-tools-for-stm32.12.3.rel1.linux64_1.0.200.202406132123/tools/bin/../lib/gcc/arm-none-eabi/12.3.1/thumb/v7e-m+fp/hard/crti.o
 .ARM.attributes
                0x00000022       0x34 /home/mihneadorcu/st/stm32cubeide_1.16.1_3/plugins/com.st.stm32cube.ide.mcu.externaltools.gnu-tools-for-stm32.12.3.rel1.linux64_1.0.200.202406132123/tools/bin/../lib/gcc/arm-none-eabi/12.3.1/thumb/v7e-m+fp/hard/crtbegin.o
 .ARM.attributes
                0x00000056       0x34 ./CANopenNode/301/CO_Emergency.o
 .ARM.attributes
                0x0000008a       0x34 ./CANopenNode/301/CO_HBconsumer.o
 .ARM.attributes
                0x000000be       0x34 ./CANopenNode/301/CO_NMT_Heartbeat.o
 .ARM.attributes
                0x000000f2       0x34 ./CANopenNode/301/CO_ODinterface.o
 .ARM.attributes
                0x00000126       0x34 ./CANopenNode/301/CO_PDO.o
 .ARM.attributes
                0x0000015a       0x34 ./CANopenNode/301/CO_SDOserver.o
 .ARM.attributes
                0x0000018e       0x34 ./CANopenNode/301/CO_SYNC.o
 .ARM.attributes
                0x000001c2       0x34 ./CANopenNode/301/CO_TIME.o
 .ARM.attributes
                0x000001f6       0x34 ./CANopenNode/303/CO_LEDs.o
 .ARM.attributes
                0x0000022a       0x34 ./CANopenNode/305/CO_LSSslave.o
 .ARM.attributes
                0x0000025e       0x34 ./CANopenNode/CANopen.o
 .ARM.attributes
                0x00000292       0x34 ./CANopenNode_STM32/CO_app_STM32.o
 .ARM.attributes
                0x000002c6       0x34 ./CANopenNode_STM32/CO_driver_STM32.o
 .ARM.attributes
                0x000002fa       0x34 ./CANopenNode_STM32/OD.o
 .ARM.attributes
                0x0000032e       0x34 ./Core/Src/main.o
 .ARM.attributes
                0x00000362       0x34 ./Core/Src/stm32f4xx_hal_msp.o
 .ARM.attributes
                0x00000396       0x34 ./Core/Src/stm32f4xx_it.o
 .ARM.attributes
                0x000003ca       0x34 ./Core/Src/syscalls.o
 .ARM.attributes
                0x000003fe       0x34 ./Core/Src/sysmem.o
 .ARM.attributes
                0x00000432       0x34 ./Core/Src/system_stm32f4xx.o
 .ARM.attributes
                0x00000466       0x21 ./Core/Startup/startup_stm32f407vgtx.o
 .ARM.attributes
                0x00000487       0x34 ./Drivers/STM32F4xx_HAL_Driver/Src/stm32f4xx_hal.o
 .ARM.attributes
                0x000004bb       0x34 ./Drivers/STM32F4xx_HAL_Driver/Src/stm32f4xx_hal_can.o
 .ARM.attributes
                0x000004ef       0x34 ./Drivers/STM32F4xx_HAL_Driver/Src/stm32f4xx_hal_cortex.o
 .ARM.attributes
                0x00000523       0x34 ./Drivers/STM32F4xx_HAL_Driver/Src/stm32f4xx_hal_gpio.o
 .ARM.attributes
                0x00000557       0x34 ./Drivers/STM32F4xx_HAL_Driver/Src/stm32f4xx_hal_i2c.o
 .ARM.attributes
                0x0000058b       0x34 ./Drivers/STM32F4xx_HAL_Driver/Src/stm32f4xx_hal_rcc.o
 .ARM.attributes
                0x000005bf       0x34 ./Drivers/STM32F4xx_HAL_Driver/Src/stm32f4xx_hal_spi.o
 .ARM.attributes
                0x000005f3       0x34 ./Drivers/STM32F4xx_HAL_Driver/Src/stm32f4xx_hal_tim.o
 .ARM.attributes
                0x00000627       0x34 ./Drivers/STM32F4xx_HAL_Driver/Src/stm32f4xx_hal_tim_ex.o
 .ARM.attributes
                0x0000065b       0x34 /home/mihneadorcu/st/stm32cubeide_1.16.1_3/plugins/com.st.stm32cube.ide.mcu.externaltools.gnu-tools-for-stm32.12.3.rel1.linux64_1.0.200.202406132123/tools/bin/../lib/gcc/arm-none-eabi/12.3.1/../../../../arm-none-eabi/lib/thumb/v7e-m+fp/hard/libc_nano.a(libc_a-calloc.o)
 .ARM.attributes
                0x0000068f       0x34 /home/mihneadorcu/st/stm32cubeide_1.16.1_3/plugins/com.st.stm32cube.ide.mcu.externaltools.gnu-tools-for-stm32.12.3.rel1.linux64_1.0.200.202406132123/tools/bin/../lib/gcc/arm-none-eabi/12.3.1/../../../../arm-none-eabi/lib/thumb/v7e-m+fp/hard/libc_nano.a(libc_a-callocr.o)
 .ARM.attributes
                0x000006c3       0x34 /home/mihneadorcu/st/stm32cubeide_1.16.1_3/plugins/com.st.stm32cube.ide.mcu.externaltools.gnu-tools-for-stm32.12.3.rel1.linux64_1.0.200.202406132123/tools/bin/../lib/gcc/arm-none-eabi/12.3.1/../../../../arm-none-eabi/lib/thumb/v7e-m+fp/hard/libc_nano.a(libc_a-malloc.o)
 .ARM.attributes
                0x000006f7       0x34 /home/mihneadorcu/st/stm32cubeide_1.16.1_3/plugins/com.st.stm32cube.ide.mcu.externaltools.gnu-tools-for-stm32.12.3.rel1.linux64_1.0.200.202406132123/tools/bin/../lib/gcc/arm-none-eabi/12.3.1/../../../../arm-none-eabi/lib/thumb/v7e-m+fp/hard/libc_nano.a(libc_a-mallocr.o)
 .ARM.attributes
                0x0000072b       0x34 /home/mihneadorcu/st/stm32cubeide_1.16.1_3/plugins/com.st.stm32cube.ide.mcu.externaltools.gnu-tools-for-stm32.12.3.rel1.linux64_1.0.200.202406132123/tools/bin/../lib/gcc/arm-none-eabi/12.3.1/../../../../arm-none-eabi/lib/thumb/v7e-m+fp/hard/libc_nano.a(libc_a-mlock.o)
 .ARM.attributes
                0x0000075f       0x34 /home/mihneadorcu/st/stm32cubeide_1.16.1_3/plugins/com.st.stm32cube.ide.mcu.externaltools.gnu-tools-for-stm32.12.3.rel1.linux64_1.0.200.202406132123/tools/bin/../lib/gcc/arm-none-eabi/12.3.1/../../../../arm-none-eabi/lib/thumb/v7e-m+fp/hard/libc_nano.a(libc_a-fflush.o)
 .ARM.attributes
                0x00000793       0x34 /home/mihneadorcu/st/stm32cubeide_1.16.1_3/plugins/com.st.stm32cube.ide.mcu.externaltools.gnu-tools-for-stm32.12.3.rel1.linux64_1.0.200.202406132123/tools/bin/../lib/gcc/arm-none-eabi/12.3.1/../../../../arm-none-eabi/lib/thumb/v7e-m+fp/hard/libc_nano.a(libc_a-findfp.o)
 .ARM.attributes
                0x000007c7       0x34 /home/mihneadorcu/st/stm32cubeide_1.16.1_3/plugins/com.st.stm32cube.ide.mcu.externaltools.gnu-tools-for-stm32.12.3.rel1.linux64_1.0.200.202406132123/tools/bin/../lib/gcc/arm-none-eabi/12.3.1/../../../../arm-none-eabi/lib/thumb/v7e-m+fp/hard/libc_nano.a(libc_a-fwalk.o)
 .ARM.attributes
                0x000007fb       0x34 /home/mihneadorcu/st/stm32cubeide_1.16.1_3/plugins/com.st.stm32cube.ide.mcu.externaltools.gnu-tools-for-stm32.12.3.rel1.linux64_1.0.200.202406132123/tools/bin/../lib/gcc/arm-none-eabi/12.3.1/../../../../arm-none-eabi/lib/thumb/v7e-m+fp/hard/libc_nano.a(libc_a-printf.o)
 .ARM.attributes
                0x0000082f       0x34 /home/mihneadorcu/st/stm32cubeide_1.16.1_3/plugins/com.st.stm32cube.ide.mcu.externaltools.gnu-tools-for-stm32.12.3.rel1.linux64_1.0.200.202406132123/tools/bin/../lib/gcc/arm-none-eabi/12.3.1/../../../../arm-none-eabi/lib/thumb/v7e-m+fp/hard/libc_nano.a(libc_a-puts.o)
 .ARM.attributes
                0x00000863       0x34 /home/mihneadorcu/st/stm32cubeide_1.16.1_3/plugins/com.st.stm32cube.ide.mcu.externaltools.gnu-tools-for-stm32.12.3.rel1.linux64_1.0.200.202406132123/tools/bin/../lib/gcc/arm-none-eabi/12.3.1/../../../../arm-none-eabi/lib/thumb/v7e-m+fp/hard/libc_nano.a(libc_a-stdio.o)
 .ARM.attributes
                0x00000897       0x34 /home/mihneadorcu/st/stm32cubeide_1.16.1_3/plugins/com.st.stm32cube.ide.mcu.externaltools.gnu-tools-for-stm32.12.3.rel1.linux64_1.0.200.202406132123/tools/bin/../lib/gcc/arm-none-eabi/12.3.1/../../../../arm-none-eabi/lib/thumb/v7e-m+fp/hard/libc_nano.a(libc_a-wbuf.o)
 .ARM.attributes
                0x000008cb       0x34 /home/mihneadorcu/st/stm32cubeide_1.16.1_3/plugins/com.st.stm32cube.ide.mcu.externaltools.gnu-tools-for-stm32.12.3.rel1.linux64_1.0.200.202406132123/tools/bin/../lib/gcc/arm-none-eabi/12.3.1/../../../../arm-none-eabi/lib/thumb/v7e-m+fp/hard/libc_nano.a(libc_a-wsetup.o)
 .ARM.attributes
                0x000008ff       0x34 /home/mihneadorcu/st/stm32cubeide_1.16.1_3/plugins/com.st.stm32cube.ide.mcu.externaltools.gnu-tools-for-stm32.12.3.rel1.linux64_1.0.200.202406132123/tools/bin/../lib/gcc/arm-none-eabi/12.3.1/../../../../arm-none-eabi/lib/thumb/v7e-m+fp/hard/libc_nano.a(libc_a-memmove.o)
 .ARM.attributes
                0x00000933       0x34 /home/mihneadorcu/st/stm32cubeide_1.16.1_3/plugins/com.st.stm32cube.ide.mcu.externaltools.gnu-tools-for-stm32.12.3.rel1.linux64_1.0.200.202406132123/tools/bin/../lib/gcc/arm-none-eabi/12.3.1/../../../../arm-none-eabi/lib/thumb/v7e-m+fp/hard/libc_nano.a(libc_a-memset.o)
 .ARM.attributes
                0x00000967       0x34 /home/mihneadorcu/st/stm32cubeide_1.16.1_3/plugins/com.st.stm32cube.ide.mcu.externaltools.gnu-tools-for-stm32.12.3.rel1.linux64_1.0.200.202406132123/tools/bin/../lib/gcc/arm-none-eabi/12.3.1/../../../../arm-none-eabi/lib/thumb/v7e-m+fp/hard/libc_nano.a(libc_a-closer.o)
 .ARM.attributes
                0x0000099b       0x34 /home/mihneadorcu/st/stm32cubeide_1.16.1_3/plugins/com.st.stm32cube.ide.mcu.externaltools.gnu-tools-for-stm32.12.3.rel1.linux64_1.0.200.202406132123/tools/bin/../lib/gcc/arm-none-eabi/12.3.1/../../../../arm-none-eabi/lib/thumb/v7e-m+fp/hard/libc_nano.a(libc_a-reent.o)
 .ARM.attributes
                0x000009cf       0x34 /home/mihneadorcu/st/stm32cubeide_1.16.1_3/plugins/com.st.stm32cube.ide.mcu.externaltools.gnu-tools-for-stm32.12.3.rel1.linux64_1.0.200.202406132123/tools/bin/../lib/gcc/arm-none-eabi/12.3.1/../../../../arm-none-eabi/lib/thumb/v7e-m+fp/hard/libc_nano.a(libc_a-impure.o)
 .ARM.attributes
                0x00000a03       0x34 /home/mihneadorcu/st/stm32cubeide_1.16.1_3/plugins/com.st.stm32cube.ide.mcu.externaltools.gnu-tools-for-stm32.12.3.rel1.linux64_1.0.200.202406132123/tools/bin/../lib/gcc/arm-none-eabi/12.3.1/../../../../arm-none-eabi/lib/thumb/v7e-m+fp/hard/libc_nano.a(libc_a-lseekr.o)
 .ARM.attributes
                0x00000a37       0x34 /home/mihneadorcu/st/stm32cubeide_1.16.1_3/plugins/com.st.stm32cube.ide.mcu.externaltools.gnu-tools-for-stm32.12.3.rel1.linux64_1.0.200.202406132123/tools/bin/../lib/gcc/arm-none-eabi/12.3.1/../../../../arm-none-eabi/lib/thumb/v7e-m+fp/hard/libc_nano.a(libc_a-readr.o)
 .ARM.attributes
                0x00000a6b       0x34 /home/mihneadorcu/st/stm32cubeide_1.16.1_3/plugins/com.st.stm32cube.ide.mcu.externaltools.gnu-tools-for-stm32.12.3.rel1.linux64_1.0.200.202406132123/tools/bin/../lib/gcc/arm-none-eabi/12.3.1/../../../../arm-none-eabi/lib/thumb/v7e-m+fp/hard/libc_nano.a(libc_a-sbrkr.o)
 .ARM.attributes
                0x00000a9f       0x34 /home/mihneadorcu/st/stm32cubeide_1.16.1_3/plugins/com.st.stm32cube.ide.mcu.externaltools.gnu-tools-for-stm32.12.3.rel1.linux64_1.0.200.202406132123/tools/bin/../lib/gcc/arm-none-eabi/12.3.1/../../../../arm-none-eabi/lib/thumb/v7e-m+fp/hard/libc_nano.a(libc_a-writer.o)
 .ARM.attributes
                0x00000ad3       0x34 /home/mihneadorcu/st/stm32cubeide_1.16.1_3/plugins/com.st.stm32cube.ide.mcu.externaltools.gnu-tools-for-stm32.12.3.rel1.linux64_1.0.200.202406132123/tools/bin/../lib/gcc/arm-none-eabi/12.3.1/../../../../arm-none-eabi/lib/thumb/v7e-m+fp/hard/libc_nano.a(libc_a-errno.o)
 .ARM.attributes
                0x00000b07       0x34 /home/mihneadorcu/st/stm32cubeide_1.16.1_3/plugins/com.st.stm32cube.ide.mcu.externaltools.gnu-tools-for-stm32.12.3.rel1.linux64_1.0.200.202406132123/tools/bin/../lib/gcc/arm-none-eabi/12.3.1/../../../../arm-none-eabi/lib/thumb/v7e-m+fp/hard/libc_nano.a(libc_a-init.o)
 .ARM.attributes
                0x00000b3b       0x34 /home/mihneadorcu/st/stm32cubeide_1.16.1_3/plugins/com.st.stm32cube.ide.mcu.externaltools.gnu-tools-for-stm32.12.3.rel1.linux64_1.0.200.202406132123/tools/bin/../lib/gcc/arm-none-eabi/12.3.1/../../../../arm-none-eabi/lib/thumb/v7e-m+fp/hard/libc_nano.a(libc_a-lock.o)
 .ARM.attributes
                0x00000b6f       0x34 /home/mihneadorcu/st/stm32cubeide_1.16.1_3/plugins/com.st.stm32cube.ide.mcu.externaltools.gnu-tools-for-stm32.12.3.rel1.linux64_1.0.200.202406132123/tools/bin/../lib/gcc/arm-none-eabi/12.3.1/../../../../arm-none-eabi/lib/thumb/v7e-m+fp/hard/libc_nano.a(libc_a-memcpy-stub.o)
 .ARM.attributes
                0x00000ba3       0x17 /home/mihneadorcu/st/stm32cubeide_1.16.1_3/plugins/com.st.stm32cube.ide.mcu.externaltools.gnu-tools-for-stm32.12.3.rel1.linux64_1.0.200.202406132123/tools/bin/../lib/gcc/arm-none-eabi/12.3.1/../../../../arm-none-eabi/lib/thumb/v7e-m+fp/hard/libc_nano.a(libc_a-strlen.o)
 .ARM.attributes
                0x00000bba       0x34 /home/mihneadorcu/st/stm32cubeide_1.16.1_3/plugins/com.st.stm32cube.ide.mcu.externaltools.gnu-tools-for-stm32.12.3.rel1.linux64_1.0.200.202406132123/tools/bin/../lib/gcc/arm-none-eabi/12.3.1/../../../../arm-none-eabi/lib/thumb/v7e-m+fp/hard/libc_nano.a(libc_a-freer.o)
 .ARM.attributes
                0x00000bee       0x34 /home/mihneadorcu/st/stm32cubeide_1.16.1_3/plugins/com.st.stm32cube.ide.mcu.externaltools.gnu-tools-for-stm32.12.3.rel1.linux64_1.0.200.202406132123/tools/bin/../lib/gcc/arm-none-eabi/12.3.1/../../../../arm-none-eabi/lib/thumb/v7e-m+fp/hard/libc_nano.a(libc_a-nano-vfprintf.o)
 .ARM.attributes
                0x00000c22       0x34 /home/mihneadorcu/st/stm32cubeide_1.16.1_3/plugins/com.st.stm32cube.ide.mcu.externaltools.gnu-tools-for-stm32.12.3.rel1.linux64_1.0.200.202406132123/tools/bin/../lib/gcc/arm-none-eabi/12.3.1/../../../../arm-none-eabi/lib/thumb/v7e-m+fp/hard/libc_nano.a(libc_a-nano-vfprintf_i.o)
 .ARM.attributes
                0x00000c56       0x34 /home/mihneadorcu/st/stm32cubeide_1.16.1_3/plugins/com.st.stm32cube.ide.mcu.externaltools.gnu-tools-for-stm32.12.3.rel1.linux64_1.0.200.202406132123/tools/bin/../lib/gcc/arm-none-eabi/12.3.1/../../../../arm-none-eabi/lib/thumb/v7e-m+fp/hard/libc_nano.a(libc_a-makebuf.o)
 .ARM.attributes
                0x00000c8a       0x34 /home/mihneadorcu/st/stm32cubeide_1.16.1_3/plugins/com.st.stm32cube.ide.mcu.externaltools.gnu-tools-for-stm32.12.3.rel1.linux64_1.0.200.202406132123/tools/bin/../lib/gcc/arm-none-eabi/12.3.1/../../../../arm-none-eabi/lib/thumb/v7e-m+fp/hard/libc_nano.a(libc_a-fstatr.o)
 .ARM.attributes
                0x00000cbe       0x34 /home/mihneadorcu/st/stm32cubeide_1.16.1_3/plugins/com.st.stm32cube.ide.mcu.externaltools.gnu-tools-for-stm32.12.3.rel1.linux64_1.0.200.202406132123/tools/bin/../lib/gcc/arm-none-eabi/12.3.1/../../../../arm-none-eabi/lib/thumb/v7e-m+fp/hard/libc_nano.a(libc_a-isattyr.o)
 .ARM.attributes
                0x00000cf2       0x1c /home/mihneadorcu/st/stm32cubeide_1.16.1_3/plugins/com.st.stm32cube.ide.mcu.externaltools.gnu-tools-for-stm32.12.3.rel1.linux64_1.0.200.202406132123/tools/bin/../lib/gcc/arm-none-eabi/12.3.1/../../../../arm-none-eabi/lib/thumb/v7e-m+fp/hard/libc_nano.a(libc_a-memchr.o)
 .ARM.attributes
                0x00000d0e       0x22 /home/mihneadorcu/st/stm32cubeide_1.16.1_3/plugins/com.st.stm32cube.ide.mcu.externaltools.gnu-tools-for-stm32.12.3.rel1.linux64_1.0.200.202406132123/tools/bin/../lib/gcc/arm-none-eabi/12.3.1/thumb/v7e-m+fp/hard/libgcc.a(_aeabi_uldivmod.o)
 .ARM.attributes