../Core/Src/main.c:76:5:main	24	static
../Core/Src/main.c:172:6:SystemClock_Config	88	static
../Core/Src/main.c:225:13:MX_CAN1_Init	48	static
../Core/Src/main.c:282:13:MX_USART6_UART_Init	8	static
../Core/Src/main.c:315:13:MX_GPIO_Init	48	static
../Core/Src/main.c:345:6:HAL_CAN_RxFifo0MsgPendingCallback	16	static
../Core/Src/main.c:362:6:HAL_CAN_TxMailbox0CompleteCallback	16	static
../Core/Src/main.c:368:6:HAL_CAN_ErrorCallback	16	static
../Core/Src/main.c:382:6:Error_Handler	4	static,ignoring_inline_asm
