../Core/Src/main.c:75:5:main	24	static
../Core/Src/main.c:180:6:SystemClock_Config	88	static
../Core/Src/main.c:226:13:MX_CAN1_Init	48	static
../Core/Src/main.c:284:13:MX_USART6_UART_Init	8	static
../Core/Src/main.c:317:13:MX_GPIO_Init	48	static
../Core/Src/main.c:347:6:HAL_CAN_RxFifo0MsgPendingCallback	16	static
../Core/Src/main.c:370:6:HAL_CAN_TxMailbox0CompleteCallback	16	static
../Core/Src/main.c:376:6:HAL_CAN_ErrorCallback	16	static
../Core/Src/main.c:390:6:Error_Handler	4	static,ignoring_inline_asm
