E:/stm32/CANopenNode_STM32/CO_driver_STM32.c:252:1:prv_send_can_message	24	static
E:/stm32/CANopenNode_STM32/CO_driver_STM32.c:493:1:prv_read_can_received_msg.constprop	24	static,ignoring_inline_asm
E:/stm32/CANopenNode_STM32/CO_driver_STM32.c:43:1:CO_CANsetConfigurationMode	0	static
E:/stm32/CANopenNode_STM32/CO_driver_STM32.c:56:1:CO_CANsetNormalMode	8	static
E:/stm32/CANopenNode_STM32/CO_driver_STM32.c:72:1:CO_CANmodule_init	64	static
E:/stm32/CANopenNode_STM32/CO_driver_STM32.c:183:1:CO_CANmodule_disable	0	static
E:/stm32/CANopenNode_STM32/CO_driver_STM32.c:196:1:CO_CANrxBufferInit	20	static,ignoring_inline_asm
E:/stm32/CANopenNode_STM32/CO_driver_STM32.c:228:1:CO_CANtxBufferInit	8	static
E:/stm32/CANopenNode_STM32/CO_driver_STM32.c:337:1:CO_CANsend	16	static,ignoring_inline_asm
E:/stm32/CANopenNode_STM32/CO_driver_STM32.c:371:1:CO_CANclearPendingSyncPDOs	12	static,ignoring_inline_asm
E:/stm32/CANopenNode_STM32/CO_driver_STM32.c:406:1:CO_CANmodule_process	0	static
E:/stm32/CANopenNode_STM32/CO_driver_STM32.c:654:1:HAL_CAN_RxFifo0MsgPendingCallback	0	static
E:/stm32/CANopenNode_STM32/CO_driver_STM32.c:664:1:HAL_CAN_RxFifo1MsgPendingCallback	0	static
E:/stm32/CANopenNode_STM32/CO_driver_STM32.c:675:1:CO_CANinterrupt_TX	24	static,ignoring_inline_asm
E:/stm32/CANopenNode_STM32/CO_driver_STM32.c:709:1:HAL_CAN_TxMailbox0CompleteCallback	0	static
E:/stm32/CANopenNode_STM32/CO_driver_STM32.c:714:1:HAL_CAN_TxMailbox1CompleteCallback	0	static
E:/stm32/CANopenNode_STM32/CO_driver_STM32.c:719:1:HAL_CAN_TxMailbox2CompleteCallback	0	static
