C:/Users/Dorcu Mihnea/OneDrive/Desktop/Licenta/CANOpen_MASTER_Nod1/CANopenNode_STM32/CO_driver_STM32.c:254:1:prv_send_can_message	24	static
C:/Users/Dorcu Mihnea/OneDrive/Desktop/Licenta/CANOpen_MASTER_Nod1/CANopenNode_STM32/CO_driver_STM32.c:489:1:prv_read_can_received_msg.constprop	24	static,ignoring_inline_asm
C:/Users/Dorcu Mihnea/OneDrive/Desktop/Licenta/CANOpen_MASTER_Nod1/CANopenNode_STM32/CO_driver_STM32.c:45:1:CO_CANsetConfigurationMode	0	static
C:/Users/Dorcu Mihnea/OneDrive/Desktop/Licenta/CANOpen_MASTER_Nod1/CANopenNode_STM32/CO_driver_STM32.c:58:1:CO_CANsetNormalMode	8	static
C:/Users/Dorcu Mihnea/OneDrive/Desktop/Licenta/CANOpen_MASTER_Nod1/CANopenNode_STM32/CO_driver_STM32.c:74:1:CO_CANmodule_init	64	static
C:/Users/Dorcu Mihnea/OneDrive/Desktop/Licenta/CANOpen_MASTER_Nod1/CANopenNode_STM32/CO_driver_STM32.c:185:1:CO_CANmodule_disable	0	static
C:/Users/Dorcu Mihnea/OneDrive/Desktop/Licenta/CANOpen_MASTER_Nod1/CANopenNode_STM32/CO_driver_STM32.c:198:1:CO_CANrxBufferInit	20	static,ignoring_inline_asm
C:/Users/Dorcu Mihnea/OneDrive/Desktop/Licenta/CANOpen_MASTER_Nod1/CANopenNode_STM32/CO_driver_STM32.c:230:1:CO_CANtxBufferInit	8	static
C:/Users/Dorcu Mihnea/OneDrive/Desktop/Licenta/CANOpen_MASTER_Nod1/CANopenNode_STM32/CO_driver_STM32.c:339:1:CO_CANsend	16	static,ignoring_inline_asm
C:/Users/Dorcu Mihnea/OneDrive/Desktop/Licenta/CANOpen_MASTER_Nod1/CANopenNode_STM32/CO_driver_STM32.c:370:1:CO_CANclearPendingSyncPDOs	12	static,ignoring_inline_asm
C:/Users/Dorcu Mihnea/OneDrive/Desktop/Licenta/CANOpen_MASTER_Nod1/CANopenNode_STM32/CO_driver_STM32.c:405:1:CO_CANmodule_process	0	static
C:/Users/Dorcu Mihnea/OneDrive/Desktop/Licenta/CANOpen_MASTER_Nod1/CANopenNode_STM32/CO_driver_STM32.c:609:1:HAL_CAN_RxFifo0MsgPendingCallback	0	static
C:/Users/Dorcu Mihnea/OneDrive/Desktop/Licenta/CANOpen_MASTER_Nod1/CANopenNode_STM32/CO_driver_STM32.c:620:1:HAL_CAN_RxFifo1MsgPendingCallback	0	static
C:/Users/Dorcu Mihnea/OneDrive/Desktop/Licenta/CANOpen_MASTER_Nod1/CANopenNode_STM32/CO_driver_STM32.c:631:1:CO_CANinterrupt_TX	24	static,ignoring_inline_asm
C:/Users/Dorcu Mihnea/OneDrive/Desktop/Licenta/CANOpen_MASTER_Nod1/CANopenNode_STM32/CO_driver_STM32.c:667:1:HAL_CAN_TxMailbox0CompleteCallback	0	static
C:/Users/Dorcu Mihnea/OneDrive/Desktop/Licenta/CANOpen_MASTER_Nod1/CANopenNode_STM32/CO_driver_STM32.c:672:1:HAL_CAN_TxMailbox1CompleteCallback	0	static
C:/Users/Dorcu Mihnea/OneDrive/Desktop/Licenta/CANOpen_MASTER_Nod1/CANopenNode_STM32/CO_driver_STM32.c:677:1:HAL_CAN_TxMailbox2CompleteCallback	0	static
