10:35:05 **** Build of configuration Debug for project CAN_Loopback ****
make -j20 all 
arm-none-eabi-gcc "/home/mihneadorcu/Desktop/Licenta/CAN_Loopback/Src/main.c" -mcpu=cortex-m4 -std=gnu11 -g3 -DDEBUG -DUSE_STM32446E_EVAL -DUSE_HAL_DRIVER -DSTM32F446xx -c -I../../Inc -I../../Drivers/CMSIS/Device/ST/STM32F4xx/Include -I../../Drivers/STM32F4xx_HAL_Driver/Inc -I../../Drivers/BSP/STM32446E_EVAL -I../../Drivers/BSP/Components/Common -I../../Utilities/Log -I../../Utilities/Fonts -I../../Utilities/CPU -I../../Drivers/CMSIS/Include -O0 -ffunction-sections -fdata-sections -Wall -fstack-usage -fcyclomatic-complexity -MMD -MP -MF"Example/User/main.d" -MT"Example/User/main.o" --specs=nano.specs -mfpu=fpv4-sp-d16 -mfloat-abi=hard -mthumb -o "Example/User/main.o"
arm-none-eabi-gcc "/home/mihneadorcu/Desktop/Licenta/CAN_Loopback/Src/stm32f4xx_hal_msp.c" -mcpu=cortex-m4 -std=gnu11 -g3 -DDEBUG -DUSE_STM32446E_EVAL -DUSE_HAL_DRIVER -DSTM32F446xx -c -I../../Inc -I../../Drivers/CMSIS/Device/ST/STM32F4xx/Include -I../../Drivers/STM32F4xx_HAL_Driver/Inc -I../../Drivers/BSP/STM32446E_EVAL -I../../Drivers/BSP/Components/Common -I../../Utilities/Log -I../../Utilities/Fonts -I../../Utilities/CPU -I../../Drivers/CMSIS/Include -O0 -ffunction-sections -fdata-sections -Wall -fstack-usage -fcyclomatic-complexity -MMD -MP -MF"Example/User/stm32f4xx_hal_msp.d" -MT"Example/User/stm32f4xx_hal_msp.o" --specs=nano.specs -mfpu=fpv4-sp-d16 -mfloat-abi=hard -mthumb -o "Example/User/stm32f4xx_hal_msp.o"
arm-none-eabi-gcc "/home/mihneadorcu/Desktop/Licenta/CAN_Loopback/Src/stm32f4xx_it.c" -mcpu=cortex-m4 -std=gnu11 -g3 -DDEBUG -DUSE_STM32446E_EVAL -DUSE_HAL_DRIVER -DSTM32F446xx -c -I../../Inc -I../../Drivers/CMSIS/Device/ST/STM32F4xx/Include -I../../Drivers/STM32F4xx_HAL_Driver/Inc -I../../Drivers/BSP/STM32446E_EVAL -I../../Drivers/BSP/Components/Common -I../../Utilities/Log -I../../Utilities/Fonts -I../../Utilities/CPU -I../../Drivers/CMSIS/Include -O0 -ffunction-sections -fdata-sections -Wall -fstack-usage -fcyclomatic-complexity -MMD -MP -MF"Example/User/stm32f4xx_it.d" -MT"Example/User/stm32f4xx_it.o" --specs=nano.specs -mfpu=fpv4-sp-d16 -mfloat-abi=hard -mthumb -o "Example/User/stm32f4xx_it.o"
arm-none-eabi-gcc "../Example/User/syscalls.c" -mcpu=cortex-m4 -std=gnu11 -g3 -DDEBUG -DUSE_STM32446E_EVAL -DUSE_HAL_DRIVER -DSTM32F446xx -c -I../../Inc -I../../Drivers/CMSIS/Device/ST/STM32F4xx/Include -I../../Drivers/STM32F4xx_HAL_Driver/Inc -I../../Drivers/BSP/STM32446E_EVAL -I../../Drivers/BSP/Components/Common -I../../Utilities/Log -I../../Utilities/Fonts -I../../Utilities/CPU -I../../Drivers/CMSIS/Include -O0 -ffunction-sections -fdata-sections -Wall -fstack-usage -fcyclomatic-complexity -MMD -MP -MF"Example/User/syscalls.d" -MT"Example/User/syscalls.o" --specs=nano.specs -mfpu=fpv4-sp-d16 -mfloat-abi=hard -mthumb -o "Example/User/syscalls.o"
arm-none-eabi-gcc "../Example/User/sysmem.c" -mcpu=cortex-m4 -std=gnu11 -g3 -DDEBUG -DUSE_STM32446E_EVAL -DUSE_HAL_DRIVER -DSTM32F446xx -c -I../../Inc -I../../Drivers/CMSIS/Device/ST/STM32F4xx/Include -I../../Drivers/STM32F4xx_HAL_Driver/Inc -I../../Drivers/BSP/STM32446E_EVAL -I../../Drivers/BSP/Components/Common -I../../Utilities/Log -I../../Utilities/Fonts -I../../Utilities/CPU -I../../Drivers/CMSIS/Include -O0 -ffunction-sections -fdata-sections -Wall -fstack-usage -fcyclomatic-complexity -MMD -MP -MF"Example/User/sysmem.d" -MT"Example/User/sysmem.o" --specs=nano.specs -mfpu=fpv4-sp-d16 -mfloat-abi=hard -mthumb -o "Example/User/sysmem.o"
arm-none-eabi-gcc -mcpu=cortex-m4 -g3 -DDEBUG -c -x assembler-with-cpp -MMD -MP -MF"Example/Startup/startup_stm32f446zetx.d" -MT"Example/Startup/startup_stm32f446zetx.o" --specs=nano.specs -mfpu=fpv4-sp-d16 -mfloat-abi=hard -mthumb -o "Example/Startup/startup_stm32f446zetx.o" "../Example/Startup/startup_stm32f446zetx.s"
arm-none-eabi-gcc "/home/mihneadorcu/Desktop/Licenta/CAN_Loopback/Drivers/STM32F4xx_HAL_Driver/Src/stm32f4xx_hal.c" -mcpu=cortex-m4 -std=gnu11 -g3 -DDEBUG -DUSE_STM32446E_EVAL -DUSE_HAL_DRIVER -DSTM32F446xx -c -I../../Inc -I../../Drivers/CMSIS/Device/ST/STM32F4xx/Include -I../../Drivers/STM32F4xx_HAL_Driver/Inc -I../../Drivers/BSP/STM32446E_EVAL -I../../Drivers/BSP/Components/Common -I../../Utilities/Log -I../../Utilities/Fonts -I../../Utilities/CPU -I../../Drivers/CMSIS/Include -O0 -ffunction-sections -fdata-sections -Wall -fstack-usage -fcyclomatic-complexity -MMD -MP -MF"Drivers/STM32F4xx_HAL_Driver/stm32f4xx_hal.d" -MT"Drivers/STM32F4xx_HAL_Driver/stm32f4xx_hal.o" --specs=nano.specs -mfpu=fpv4-sp-d16 -mfloat-abi=hard -mthumb -o "Drivers/STM32F4xx_HAL_Driver/stm32f4xx_hal.o"
arm-none-eabi-gcc "/home/mihneadorcu/Desktop/Licenta/CAN_Loopback/Drivers/STM32F4xx_HAL_Driver/Src/stm32f4xx_hal_can.c" -mcpu=cortex-m4 -std=gnu11 -g3 -DDEBUG -DUSE_STM32446E_EVAL -DUSE_HAL_DRIVER -DSTM32F446xx -c -I../../Inc -I../../Drivers/CMSIS/Device/ST/STM32F4xx/Include -I../../Drivers/STM32F4xx_HAL_Driver/Inc -I../../Drivers/BSP/STM32446E_EVAL -I../../Drivers/BSP/Components/Common -I../../Utilities/Log -I../../Utilities/Fonts -I../../Utilities/CPU -I../../Drivers/CMSIS/Include -O0 -ffunction-sections -fdata-sections -Wall -fstack-usage -fcyclomatic-complexity -MMD -MP -MF"Drivers/STM32F4xx_HAL_Driver/stm32f4xx_hal_can.d" -MT"Drivers/STM32F4xx_HAL_Driver/stm32f4xx_hal_can.o" --specs=nano.specs -mfpu=fpv4-sp-d16 -mfloat-abi=hard -mthumb -o "Drivers/STM32F4xx_HAL_Driver/stm32f4xx_hal_can.o"
arm-none-eabi-gcc "/home/mihneadorcu/Desktop/Licenta/CAN_Loopback/Drivers/STM32F4xx_HAL_Driver/Src/stm32f4xx_hal_cortex.c" -mcpu=cortex-m4 -std=gnu11 -g3 -DDEBUG -DUSE_STM32446E_EVAL -DUSE_HAL_DRIVER -DSTM32F446xx -c -I../../Inc -I../../Drivers/CMSIS/Device/ST/STM32F4xx/Include -I../../Drivers/STM32F4xx_HAL_Driver/Inc -I../../Drivers/BSP/STM32446E_EVAL -I../../Drivers/BSP/Components/Common -I../../Utilities/Log -I../../Utilities/Fonts -I../../Utilities/CPU -I../../Drivers/CMSIS/Include -O0 -ffunction-sections -fdata-sections -Wall -fstack-usage -fcyclomatic-complexity -MMD -MP -MF"Drivers/STM32F4xx_HAL_Driver/stm32f4xx_hal_cortex.d" -MT"Drivers/STM32F4xx_HAL_Driver/stm32f4xx_hal_cortex.o" --specs=nano.specs -mfpu=fpv4-sp-d16 -mfloat-abi=hard -mthumb -o "Drivers/STM32F4xx_HAL_Driver/stm32f4xx_hal_cortex.o"
arm-none-eabi-gcc "/home/mihneadorcu/Desktop/Licenta/CAN_Loopback/Drivers/STM32F4xx_HAL_Driver/Src/stm32f4xx_hal_fmpi2c.c" -mcpu=cortex-m4 -std=gnu11 -g3 -DDEBUG -DUSE_STM32446E_EVAL -DUSE_HAL_DRIVER -DSTM32F446xx -c -I../../Inc -I../../Drivers/CMSIS/Device/ST/STM32F4xx/Include -I../../Drivers/STM32F4xx_HAL_Driver/Inc -I../../Drivers/BSP/STM32446E_EVAL -I../../Drivers/BSP/Components/Common -I../../Utilities/Log -I../../Utilities/Fonts -I../../Utilities/CPU -I../../Drivers/CMSIS/Include -O0 -ffunction-sections -fdata-sections -Wall -fstack-usage -fcyclomatic-complexity -MMD -MP -MF"Drivers/STM32F4xx_HAL_Driver/stm32f4xx_hal_fmpi2c.d" -MT"Drivers/STM32F4xx_HAL_Driver/stm32f4xx_hal_fmpi2c.o" --specs=nano.specs -mfpu=fpv4-sp-d16 -mfloat-abi=hard -mthumb -o "Drivers/STM32F4xx_HAL_Driver/stm32f4xx_hal_fmpi2c.o"
arm-none-eabi-gcc "/home/mihneadorcu/Desktop/Licenta/CAN_Loopback/Drivers/STM32F4xx_HAL_Driver/Src/stm32f4xx_hal_fmpi2c_ex.c" -mcpu=cortex-m4 -std=gnu11 -g3 -DDEBUG -DUSE_STM32446E_EVAL -DUSE_HAL_DRIVER -DSTM32F446xx -c -I../../Inc -I../../Drivers/CMSIS/Device/ST/STM32F4xx/Include -I../../Drivers/STM32F4xx_HAL_Driver/Inc -I../../Drivers/BSP/STM32446E_EVAL -I../../Drivers/BSP/Components/Common -I../../Utilities/Log -I../../Utilities/Fonts -I../../Utilities/CPU -I../../Drivers/CMSIS/Include -O0 -ffunction-sections -fdata-sections -Wall -fstack-usage -fcyclomatic-complexity -MMD -MP -MF"Drivers/STM32F4xx_HAL_Driver/stm32f4xx_hal_fmpi2c_ex.d" -MT"Drivers/STM32F4xx_HAL_Driver/stm32f4xx_hal_fmpi2c_ex.o" --specs=nano.specs -mfpu=fpv4-sp-d16 -mfloat-abi=hard -mthumb -o "Drivers/STM32F4xx_HAL_Driver/stm32f4xx_hal_fmpi2c_ex.o"
arm-none-eabi-gcc "/home/mihneadorcu/Desktop/Licenta/CAN_Loopback/Drivers/STM32F4xx_HAL_Driver/Src/stm32f4xx_hal_gpio.c" -mcpu=cortex-m4 -std=gnu11 -g3 -DDEBUG -DUSE_STM32446E_EVAL -DUSE_HAL_DRIVER -DSTM32F446xx -c -I../../Inc -I../../Drivers/CMSIS/Device/ST/STM32F4xx/Include -I../../Drivers/STM32F4xx_HAL_Driver/Inc -I../../Drivers/BSP/STM32446E_EVAL -I../../Drivers/BSP/Components/Common -I../../Utilities/Log -I../../Utilities/Fonts -I../../Utilities/CPU -I../../Drivers/CMSIS/Include -O0 -ffunction-sections -fdata-sections -Wall -fstack-usage -fcyclomatic-complexity -MMD -MP -MF"Drivers/STM32F4xx_HAL_Driver/stm32f4xx_hal_gpio.d" -MT"Drivers/STM32F4xx_HAL_Driver/stm32f4xx_hal_gpio.o" --specs=nano.specs -mfpu=fpv4-sp-d16 -mfloat-abi=hard -mthumb -o "Drivers/STM32F4xx_HAL_Driver/stm32f4xx_hal_gpio.o"
arm-none-eabi-gcc "/home/mihneadorcu/Desktop/Licenta/CAN_Loopback/Drivers/STM32F4xx_HAL_Driver/Src/stm32f4xx_hal_i2c.c" -mcpu=cortex-m4 -std=gnu11 -g3 -DDEBUG -DUSE_STM32446E_EVAL -DUSE_HAL_DRIVER -DSTM32F446xx -c -I../../Inc -I../../Drivers/CMSIS/Device/ST/STM32F4xx/Include -I../../Drivers/STM32F4xx_HAL_Driver/Inc -I../../Drivers/BSP/STM32446E_EVAL -I../../Drivers/BSP/Components/Common -I../../Utilities/Log -I../../Utilities/Fonts -I../../Utilities/CPU -I../../Drivers/CMSIS/Include -O0 -ffunction-sections -fdata-sections -Wall -fstack-usage -fcyclomatic-complexity -MMD -MP -MF"Drivers/STM32F4xx_HAL_Driver/stm32f4xx_hal_i2c.d" -MT"Drivers/STM32F4xx_HAL_Driver/stm32f4xx_hal_i2c.o" --specs=nano.specs -mfpu=fpv4-sp-d16 -mfloat-abi=hard -mthumb -o "Drivers/STM32F4xx_HAL_Driver/stm32f4xx_hal_i2c.o"
arm-none-eabi-gcc "/home/mihneadorcu/Desktop/Licenta/CAN_Loopback/Drivers/STM32F4xx_HAL_Driver/Src/stm32f4xx_hal_pwr.c" -mcpu=cortex-m4 -std=gnu11 -g3 -DDEBUG -DUSE_STM32446E_EVAL -DUSE_HAL_DRIVER -DSTM32F446xx -c -I../../Inc -I../../Drivers/CMSIS/Device/ST/STM32F4xx/Include -I../../Drivers/STM32F4xx_HAL_Driver/Inc -I../../Drivers/BSP/STM32446E_EVAL -I../../Drivers/BSP/Components/Common -I../../Utilities/Log -I../../Utilities/Fonts -I../../Utilities/CPU -I../../Drivers/CMSIS/Include -O0 -ffunction-sections -fdata-sections -Wall -fstack-usage -fcyclomatic-complexity -MMD -MP -MF"Drivers/STM32F4xx_HAL_Driver/stm32f4xx_hal_pwr.d" -MT"Drivers/STM32F4xx_HAL_Driver/stm32f4xx_hal_pwr.o" --specs=nano.specs -mfpu=fpv4-sp-d16 -mfloat-abi=hard -mthumb -o "Drivers/STM32F4xx_HAL_Driver/stm32f4xx_hal_pwr.o"
arm-none-eabi-gcc "/home/mihneadorcu/Desktop/Licenta/CAN_Loopback/Drivers/STM32F4xx_HAL_Driver/Src/stm32f4xx_hal_pwr_ex.c" -mcpu=cortex-m4 -std=gnu11 -g3 -DDEBUG -DUSE_STM32446E_EVAL -DUSE_HAL_DRIVER -DSTM32F446xx -c -I../../Inc -I../../Drivers/CMSIS/Device/ST/STM32F4xx/Include -I../../Drivers/STM32F4xx_HAL_Driver/Inc -I../../Drivers/BSP/STM32446E_EVAL -I../../Drivers/BSP/Components/Common -I../../Utilities/Log -I../../Utilities/Fonts -I../../Utilities/CPU -I../../Drivers/CMSIS/Include -O0 -ffunction-sections -fdata-sections -Wall -fstack-usage -fcyclomatic-complexity -MMD -MP -MF"Drivers/STM32F4xx_HAL_Driver/stm32f4xx_hal_pwr_ex.d" -MT"Drivers/STM32F4xx_HAL_Driver/stm32f4xx_hal_pwr_ex.o" --specs=nano.specs -mfpu=fpv4-sp-d16 -mfloat-abi=hard -mthumb -o "Drivers/STM32F4xx_HAL_Driver/stm32f4xx_hal_pwr_ex.o"
arm-none-eabi-gcc "/home/mihneadorcu/Desktop/Licenta/CAN_Loopback/Drivers/STM32F4xx_HAL_Driver/Src/stm32f4xx_hal_rcc.c" -mcpu=cortex-m4 -std=gnu11 -g3 -DDEBUG -DUSE_STM32446E_EVAL -DUSE_HAL_DRIVER -DSTM32F446xx -c -I../../Inc -I../../Drivers/CMSIS/Device/ST/STM32F4xx/Include -I../../Drivers/STM32F4xx_HAL_Driver/Inc -I../../Drivers/BSP/STM32446E_EVAL -I../../Drivers/BSP/Components/Common -I../../Utilities/Log -I../../Utilities/Fonts -I../../Utilities/CPU -I../../Drivers/CMSIS/Include -O0 -ffunction-sections -fdata-sections -Wall -fstack-usage -fcyclomatic-complexity -MMD -MP -MF"Drivers/STM32F4xx_HAL_Driver/stm32f4xx_hal_rcc.d" -MT"Drivers/STM32F4xx_HAL_Driver/stm32f4xx_hal_rcc.o" --specs=nano.specs -mfpu=fpv4-sp-d16 -mfloat-abi=hard -mthumb -o "Drivers/STM32F4xx_HAL_Driver/stm32f4xx_hal_rcc.o"
arm-none-eabi-gcc "/home/mihneadorcu/Desktop/Licenta/CAN_Loopback/Drivers/STM32F4xx_HAL_Driver/Src/stm32f4xx_hal_rcc_ex.c" -mcpu=cortex-m4 -std=gnu11 -g3 -DDEBUG -DUSE_STM32446E_EVAL -DUSE_HAL_DRIVER -DSTM32F446xx -c -I../../Inc -I../../Drivers/CMSIS/Device/ST/STM32F4xx/Include -I../../Drivers/STM32F4xx_HAL_Driver/Inc -I../../Drivers/BSP/STM32446E_EVAL -I../../Drivers/BSP/Components/Common -I../../Utilities/Log -I../../Utilities/Fonts -I../../Utilities/CPU -I../../Drivers/CMSIS/Include -O0 -ffunction-sections -fdata-sections -Wall -fstack-usage -fcyclomatic-complexity -MMD -MP -MF"Drivers/STM32F4xx_HAL_Driver/stm32f4xx_hal_rcc_ex.d" -MT"Drivers/STM32F4xx_HAL_Driver/stm32f4xx_hal_rcc_ex.o" --specs=nano.specs -mfpu=fpv4-sp-d16 -mfloat-abi=hard -mthumb -o "Drivers/STM32F4xx_HAL_Driver/stm32f4xx_hal_rcc_ex.o"
arm-none-eabi-gcc "/home/mihneadorcu/Desktop/Licenta/CAN_Loopback/Drivers/STM32F4xx_HAL_Driver/Src/stm32f4xx_hal_sram.c" -mcpu=cortex-m4 -std=gnu11 -g3 -DDEBUG -DUSE_STM32446E_EVAL -DUSE_HAL_DRIVER -DSTM32F446xx -c -I../../Inc -I../../Drivers/CMSIS/Device/ST/STM32F4xx/Include -I../../Drivers/STM32F4xx_HAL_Driver/Inc -I../../Drivers/BSP/STM32446E_EVAL -I../../Drivers/BSP/Components/Common -I../../Utilities/Log -I../../Utilities/Fonts -I../../Utilities/CPU -I../../Drivers/CMSIS/Include -O0 -ffunction-sections -fdata-sections -Wall -fstack-usage -fcyclomatic-complexity -MMD -MP -MF"Drivers/STM32F4xx_HAL_Driver/stm32f4xx_hal_sram.d" -MT"Drivers/STM32F4xx_HAL_Driver/stm32f4xx_hal_sram.o" --specs=nano.specs -mfpu=fpv4-sp-d16 -mfloat-abi=hard -mthumb -o "Drivers/STM32F4xx_HAL_Driver/stm32f4xx_hal_sram.o"
arm-none-eabi-gcc "/home/mihneadorcu/Desktop/Licenta/CAN_Loopback/Drivers/STM32F4xx_HAL_Driver/Src/stm32f4xx_hal_uart.c" -mcpu=cortex-m4 -std=gnu11 -g3 -DDEBUG -DUSE_STM32446E_EVAL -DUSE_HAL_DRIVER -DSTM32F446xx -c -I../../Inc -I../../Drivers/CMSIS/Device/ST/STM32F4xx/Include -I../../Drivers/STM32F4xx_HAL_Driver/Inc -I../../Drivers/BSP/STM32446E_EVAL -I../../Drivers/BSP/Components/Common -I../../Utilities/Log -I../../Utilities/Fonts -I../../Utilities/CPU -I../../Drivers/CMSIS/Include -O0 -ffunction-sections -fdata-sections -Wall -fstack-usage -fcyclomatic-complexity -MMD -MP -MF"Drivers/STM32F4xx_HAL_Driver/stm32f4xx_hal_uart.d" -MT"Drivers/STM32F4xx_HAL_Driver/stm32f4xx_hal_uart.o" --specs=nano.specs -mfpu=fpv4-sp-d16 -mfloat-abi=hard -mthumb -o "Drivers/STM32F4xx_HAL_Driver/stm32f4xx_hal_uart.o"
arm-none-eabi-gcc "/home/mihneadorcu/Desktop/Licenta/CAN_Loopback/Drivers/STM32F4xx_HAL_Driver/Src/stm32f4xx_ll_fmc.c" -mcpu=cortex-m4 -std=gnu11 -g3 -DDEBUG -DUSE_STM32446E_EVAL -DUSE_HAL_DRIVER -DSTM32F446xx -c -I../../Inc -I../../Drivers/CMSIS/Device/ST/STM32F4xx/Include -I../../Drivers/STM32F4xx_HAL_Driver/Inc -I../../Drivers/BSP/STM32446E_EVAL -I../../Drivers/BSP/Components/Common -I../../Utilities/Log -I../../Utilities/Fonts -I../../Utilities/CPU -I../../Drivers/CMSIS/Include -O0 -ffunction-sections -fdata-sections -Wall -fstack-usage -fcyclomatic-complexity -MMD -MP -MF"Drivers/STM32F4xx_HAL_Driver/stm32f4xx_ll_fmc.d" -MT"Drivers/STM32F4xx_HAL_Driver/stm32f4xx_ll_fmc.o" --specs=nano.specs -mfpu=fpv4-sp-d16 -mfloat-abi=hard -mthumb -o "Drivers/STM32F4xx_HAL_Driver/stm32f4xx_ll_fmc.o"
arm-none-eabi-gcc "/home/mihneadorcu/Desktop/Licenta/CAN_Loopback/Src/system_stm32f4xx.c" -mcpu=cortex-m4 -std=gnu11 -g3 -DDEBUG -DUSE_STM32446E_EVAL -DUSE_HAL_DRIVER -DSTM32F446xx -c -I../../Inc -I../../Drivers/CMSIS/Device/ST/STM32F4xx/Include -I../../Drivers/STM32F4xx_HAL_Driver/Inc -I../../Drivers/BSP/STM32446E_EVAL -I../../Drivers/BSP/Components/Common -I../../Utilities/Log -I../../Utilities/Fonts -I../../Utilities/CPU -I../../Drivers/CMSIS/Include -O0 -ffunction-sections -fdata-sections -Wall -fstack-usage -fcyclomatic-complexity -MMD -MP -MF"Drivers/CMSIS/system_stm32f4xx.d" -MT"Drivers/CMSIS/system_stm32f4xx.o" --specs=nano.specs -mfpu=fpv4-sp-d16 -mfloat-abi=hard -mthumb -o "Drivers/CMSIS/system_stm32f4xx.o"
arm-none-eabi-gcc "/home/mihneadorcu/Desktop/Licenta/CAN_Loopback/Drivers/BSP/STM32446E_EVAL/stm32446e_eval.c" -mcpu=cortex-m4 -std=gnu11 -g3 -DDEBUG -DUSE_STM32446E_EVAL -DUSE_HAL_DRIVER -DSTM32F446xx -c -I../../Inc -I../../Drivers/CMSIS/Device/ST/STM32F4xx/Include -I../../Drivers/STM32F4xx_HAL_Driver/Inc -I../../Drivers/BSP/STM32446E_EVAL -I../../Drivers/BSP/Components/Common -I../../Utilities/Log -I../../Utilities/Fonts -I../../Utilities/CPU -I../../Drivers/CMSIS/Include -O0 -ffunction-sections -fdata-sections -Wall -fstack-usage -fcyclomatic-complexity -MMD -MP -MF"Drivers/BSP/STM32446E_EVAL/stm32446e_eval.d" -MT"Drivers/BSP/STM32446E_EVAL/stm32446e_eval.o" --specs=nano.specs -mfpu=fpv4-sp-d16 -mfloat-abi=hard -mthumb -o "Drivers/BSP/STM32446E_EVAL/stm32446e_eval.o"
arm-none-eabi-gcc -o "CAN_Loopback.elf" @"objects.list"   -mcpu=cortex-m4 -T"/home/mihneadorcu/Desktop/Licenta/CAN_Loopback/STM32CubeIDE/STM32F446ZETX_FLASH.ld" --specs=nosys.specs -Wl,-Map="CAN_Loopback.map" -Wl,--gc-sections -static --specs=nano.specs -mfpu=fpv4-sp-d16 -mfloat-abi=hard -mthumb -Wl,--start-group -lc -lm -Wl,--end-group
Finished building target: CAN_Loopback.elf
 
arm-none-eabi-size  CAN_Loopback.elf 
arm-none-eabi-objdump -h -S CAN_Loopback.elf  > "CAN_Loopback.list"
   text	   data	    bss	    dec	    hex	filename
  10796	     12	   1684	  12492	   30cc	CAN_Loopback.elf
Finished building: default.size.stdout
 
Finished building: CAN_Loopback.list
 

10:35:06 Build Finished. 0 errors, 0 warnings. (took 888ms)

