10:48:44 **** Incremental Build of configuration Debug for project can_uart_loopback ****
make -j20 all 
arm-none-eabi-gcc -o "can_uart_loopback.elf" @"objects.list"   -mcpu=cortex-m4 -T"/home/mihneadorcu/Desktop/Licenta/can_uart_loopback/STM32F429ZITX_FLASH.ld" --specs=nosys.specs -Wl,-Map="can_uart_loopback.map" -Wl,--gc-sections -static --specs=nano.specs -mfpu=fpv4-sp-d16 -mfloat-abi=hard -mthumb -Wl,--start-group -lc -lm -Wl,--end-group
Finished building target: can_uart_loopback.elf
 
arm-none-eabi-size  can_uart_loopback.elf 
arm-none-eabi-objdump -h -S can_uart_loopback.elf  > "can_uart_loopback.list"
   text	   data	    bss	    dec	    hex	filename
  15180	     92	   2084	  17356	   43cc	can_uart_loopback.elf
Finished building: default.size.stdout
 
Finished building: can_uart_loopback.list
 

10:48:44 Build Finished. 0 errors, 0 warnings. (took 409ms)

